ARM Linker, 5.03 [Build 76] [MDK-ARM Lite]

==============================================================================

Section Cross References

    startup_tm4c123.o(RESET) refers to startup_tm4c123.o(STACK) for __initial_sp
    startup_tm4c123.o(RESET) refers to startup_tm4c123.o(.text) for Reset_Handler
    startup_tm4c123.o(RESET) refers to yu.o(i.UART1_Handler) for UART1_Handler
    startup_tm4c123.o(.text) refers to entry.o(.ARM.Collect$$$$00000000) for __main
    yu.o(i.GPS_CalculateDistance) refers to yu.o(i.GPS_ConvertToDecimalDegrees) for GPS_ConvertToDecimalDegrees
    yu.o(i.GPS_CalculateDistance) refers to yu.o(i.GPS_DegreesToRadians) for GPS_DegreesToRadians
    yu.o(i.GPS_CalculateDistance) refers to f2d.o(.text) for __aeabi_f2d
    yu.o(i.GPS_CalculateDistance) refers to sin.o(i.__hardfp_sin) for __hardfp_sin
    yu.o(i.GPS_CalculateDistance) refers to cos.o(i.__hardfp_cos) for __hardfp_cos
    yu.o(i.GPS_CalculateDistance) refers to dmul.o(.text) for __aeabi_dmul
    yu.o(i.GPS_CalculateDistance) refers to dadd.o(.text) for __aeabi_dadd
    yu.o(i.GPS_CalculateDistance) refers to d2f.o(.text) for __aeabi_d2f
    yu.o(i.GPS_CalculateDistance) refers to sqrt.o(i.__hardfp_sqrt) for __hardfp_sqrt
    yu.o(i.GPS_CalculateDistance) refers to atan2.o(i.__hardfp_atan2) for __hardfp_atan2
    yu.o(i.GPS_ConvertToDecimalDegrees) refers to f2d.o(.text) for __aeabi_f2d
    yu.o(i.GPS_ConvertToDecimalDegrees) refers to ddiv.o(.text) for __aeabi_ddiv
    yu.o(i.GPS_ConvertToDecimalDegrees) refers to dfltui.o(.text) for __aeabi_ui2d
    yu.o(i.GPS_ConvertToDecimalDegrees) refers to dadd.o(.text) for __aeabi_dadd
    yu.o(i.GPS_ConvertToDecimalDegrees) refers to d2f.o(.text) for __aeabi_d2f
    yu.o(i.GPS_DegreesToRadians) refers to f2d.o(.text) for __aeabi_f2d
    yu.o(i.GPS_DegreesToRadians) refers to dmul.o(.text) for __aeabi_dmul
    yu.o(i.GPS_DegreesToRadians) refers to d2f.o(.text) for __aeabi_d2f
    yu.o(i.GPS_IsInRange) refers to yu.o(i.GPS_CalculateDistance) for GPS_CalculateDistance
    yu.o(i.UART0_SendFloat) refers to f2d.o(.text) for __aeabi_f2d
    yu.o(i.UART0_SendFloat) refers to printfa.o(i.__0snprintf) for __2snprintf
    yu.o(i.UART0_SendFloat) refers to yu.o(i.UART0_SendChar) for UART0_SendChar
    yu.o(i.UART0_SendString) refers to yu.o(i.UART0_SendChar) for UART0_SendChar
    yu.o(i.UART1_Handler) refers to yu.o(i.IsUartDataAvailable) for IsUartDataAvailable
    yu.o(i.UART1_Handler) refers to yu.o(i.UART1_ReadChar) for UART1_ReadChar
    yu.o(i.UART1_Handler) refers to yu.o(i.RequiredSentence) for RequiredSentence
    yu.o(i.UART1_Handler) refers to yu.o(.data) for counter
    yu.o(i.UART1_Handler) refers to yu.o(.bss) for gpsStoredData
    yu.o(i.enable_fpu) refers to yu.o(.data) for SCB_CPACR_REG
    yu.o(i.gpsDataParser) refers to strchr.o(.text) for strchr
    yu.o(i.gpsDataParser) refers to yu.o(i.UART0_SendChar) for UART0_SendChar
    yu.o(i.gpsDataParser) refers to strncpy.o(.text) for strncpy
    yu.o(i.main) refers to yu.o(i.UART0_Init) for UART0_Init
    yu.o(i.main) refers to yu.o(i.UART1_Init) for UART1_Init
    yu.o(i.main) refers to memcpya.o(.text) for __aeabi_memcpy4
    yu.o(i.main) refers to yu.o(i.UART0_SendChar) for UART0_SendChar
    yu.o(i.main) refers to yu.o(i.UART0_SendString) for UART0_SendString
    yu.o(i.main) refers to strcpy.o(.text) for strcpy
    yu.o(i.main) refers to yu.o(i.gpsDataParser) for gpsDataParser
    yu.o(i.main) refers to yu.o(i.simple_atof) for simple_atof
    yu.o(i.main) refers to yu.o(i.GPS_IsInRange) for GPS_IsInRange
    yu.o(i.main) refers to lcd_-2.o(i.LCD_init) for LCD_init
    yu.o(i.main) refers to lcd_-2.o(i.LCD_command) for LCD_command
    yu.o(i.main) refers to systick-1.o(i.delayMs) for delayMs
    yu.o(i.main) refers to lcd_-2.o(i.LCD_data) for LCD_data
    yu.o(i.main) refers to yu.o(.constdata) for .constdata
    yu.o(i.main) refers to yu.o(.data) for flagEnd
    yu.o(i.main) refers to yu.o(.bss) for gpsStoredData
    yu.o(i.simple_atof) refers to f2d.o(.text) for __aeabi_f2d
    yu.o(i.simple_atof) refers to dmul.o(.text) for __aeabi_dmul
    yu.o(i.simple_atof) refers to d2f.o(.text) for __aeabi_d2f
    system_tm4c123.o(i.SystemCoreClockUpdate) refers to system_tm4c123.o(i.getOscClk) for getOscClk
    system_tm4c123.o(i.SystemCoreClockUpdate) refers to system_tm4c123.o(.data) for SystemCoreClock
    lcd_-2.o(i.LCD_Busy) refers to systick-1.o(i.delayUs) for delayUs
    lcd_-2.o(i.LCD_clearScreen) refers to lcd_-2.o(i.LCD_command) for LCD_command
    lcd_-2.o(i.LCD_clearScreen) refers to systick-1.o(i.delayMs) for delayMs
    lcd_-2.o(i.LCD_command) refers to lcd_-2.o(i.LCD_Busy) for LCD_Busy
    lcd_-2.o(i.LCD_command) refers to lcd_-2.o(i.LCD_send_4bits) for LCD_send_4bits
    lcd_-2.o(i.LCD_command) refers to systick-1.o(i.delayMs) for delayMs
    lcd_-2.o(i.LCD_data) refers to lcd_-2.o(i.LCD_Busy) for LCD_Busy
    lcd_-2.o(i.LCD_data) refers to lcd_-2.o(i.LCD_send_4bits) for LCD_send_4bits
    lcd_-2.o(i.LCD_data) refers to systick-1.o(i.delayMs) for delayMs
    lcd_-2.o(i.LCD_enable) refers to systick-1.o(i.delayUs) for delayUs
    lcd_-2.o(i.LCD_init) refers to lcd_-2.o(i.LCD_GPIO_Init) for LCD_GPIO_Init
    lcd_-2.o(i.LCD_init) refers to systick-1.o(i.SysTick_Init) for SysTick_Init
    lcd_-2.o(i.LCD_init) refers to systick-1.o(i.delayMs) for delayMs
    lcd_-2.o(i.LCD_init) refers to lcd_-2.o(i.LCD_send_4bits) for LCD_send_4bits
    lcd_-2.o(i.LCD_init) refers to lcd_-2.o(i.LCD_command) for LCD_command
    lcd_-2.o(i.LCD_print) refers to lcd_-2.o(i.LCD_data) for LCD_data
    lcd_-2.o(i.LCD_print) refers to lcd_-2.o(i.LCD_command) for LCD_command
    lcd_-2.o(i.LCD_send_4bits) refers to lcd_-2.o(i.LCD_enable) for LCD_enable
    atan2.o(i.__hardfp_atan2) refers (Special) to iusefp.o(.text) for __I$use$fp
    atan2.o(i.__hardfp_atan2) refers to dadd.o(.text) for __aeabi_dadd
    atan2.o(i.__hardfp_atan2) refers to atan.o(i.atan) for atan
    atan2.o(i.__hardfp_atan2) refers to ddiv.o(.text) for __aeabi_ddiv
    atan2.o(i.__hardfp_atan2) refers to fabs.o(i.fabs) for fabs
    atan2.o(i.__hardfp_atan2) refers to qnan.o(.constdata) for __mathlib_zero
    atan2.o(i.__softfp_atan2) refers (Special) to iusefp.o(.text) for __I$use$fp
    atan2.o(i.__softfp_atan2) refers to atan2.o(i.__hardfp_atan2) for __hardfp_atan2
    atan2.o(i.atan2) refers (Special) to iusefp.o(.text) for __I$use$fp
    atan2.o(i.atan2) refers to atan2.o(i.__hardfp_atan2) for __hardfp_atan2
    atan2_x.o(i.____hardfp_atan2$lsc) refers (Special) to iusefp.o(.text) for __I$use$fp
    atan2_x.o(i.____hardfp_atan2$lsc) refers to dadd.o(.text) for __aeabi_dadd
    atan2_x.o(i.____hardfp_atan2$lsc) refers to atan.o(i.atan) for atan
    atan2_x.o(i.____hardfp_atan2$lsc) refers to errno.o(i.__set_errno) for __set_errno
    atan2_x.o(i.____hardfp_atan2$lsc) refers to ddiv.o(.text) for __aeabi_ddiv
    atan2_x.o(i.____hardfp_atan2$lsc) refers to fabs.o(i.fabs) for fabs
    atan2_x.o(i.____hardfp_atan2$lsc) refers to qnan.o(.constdata) for __mathlib_zero
    atan2_x.o(i.____softfp_atan2$lsc) refers (Special) to iusefp.o(.text) for __I$use$fp
    atan2_x.o(i.____softfp_atan2$lsc) refers to atan2_x.o(i.____hardfp_atan2$lsc) for ____hardfp_atan2$lsc
    atan2_x.o(i.__atan2$lsc) refers (Special) to iusefp.o(.text) for __I$use$fp
    atan2_x.o(i.__atan2$lsc) refers to atan2_x.o(i.____hardfp_atan2$lsc) for ____hardfp_atan2$lsc
    cos.o(i.__hardfp_cos) refers (Special) to iusefp.o(.text) for __I$use$fp
    cos.o(i.__hardfp_cos) refers to errno.o(i.__set_errno) for __set_errno
    cos.o(i.__hardfp_cos) refers to ddiv.o(.text) for __aeabi_ddiv
    cos.o(i.__hardfp_cos) refers to dadd.o(.text) for __aeabi_dadd
    cos.o(i.__hardfp_cos) refers to rred.o(i.__ieee754_rem_pio2) for __ieee754_rem_pio2
    cos.o(i.__hardfp_cos) refers to sin_i.o(i.__kernel_sin) for __kernel_sin
    cos.o(i.__hardfp_cos) refers to cos_i.o(i.__kernel_cos) for __kernel_cos
    cos.o(i.__softfp_cos) refers (Special) to iusefp.o(.text) for __I$use$fp
    cos.o(i.__softfp_cos) refers to cos.o(i.__hardfp_cos) for __hardfp_cos
    cos.o(i.cos) refers (Special) to iusefp.o(.text) for __I$use$fp
    cos.o(i.cos) refers to cos.o(i.__hardfp_cos) for __hardfp_cos
    cos_x.o(i.____hardfp_cos$lsc) refers (Special) to iusefp.o(.text) for __I$use$fp
    cos_x.o(i.____hardfp_cos$lsc) refers to errno.o(i.__set_errno) for __set_errno
    cos_x.o(i.____hardfp_cos$lsc) refers to dadd.o(.text) for __aeabi_dadd
    cos_x.o(i.____hardfp_cos$lsc) refers to rred.o(i.__ieee754_rem_pio2) for __ieee754_rem_pio2
    cos_x.o(i.____hardfp_cos$lsc) refers to sin_i.o(i.__kernel_sin) for __kernel_sin
    cos_x.o(i.____hardfp_cos$lsc) refers to cos_i.o(i.__kernel_cos) for __kernel_cos
    cos_x.o(i.____softfp_cos$lsc) refers (Special) to iusefp.o(.text) for __I$use$fp
    cos_x.o(i.____softfp_cos$lsc) refers to cos_x.o(i.____hardfp_cos$lsc) for ____hardfp_cos$lsc
    cos_x.o(i.__cos$lsc) refers (Special) to iusefp.o(.text) for __I$use$fp
    cos_x.o(i.__cos$lsc) refers to cos_x.o(i.____hardfp_cos$lsc) for ____hardfp_cos$lsc
    sin.o(i.__hardfp_sin) refers (Special) to iusefp.o(.text) for __I$use$fp
    sin.o(i.__hardfp_sin) refers to errno.o(i.__set_errno) for __set_errno
    sin.o(i.__hardfp_sin) refers to ddiv.o(.text) for __aeabi_ddiv
    sin.o(i.__hardfp_sin) refers to dadd.o(.text) for __aeabi_dadd
    sin.o(i.__hardfp_sin) refers to rred.o(i.__ieee754_rem_pio2) for __ieee754_rem_pio2
    sin.o(i.__hardfp_sin) refers to cos_i.o(i.__kernel_cos) for __kernel_cos
    sin.o(i.__hardfp_sin) refers to sin_i.o(i.__kernel_sin) for __kernel_sin
    sin.o(i.__softfp_sin) refers (Special) to iusefp.o(.text) for __I$use$fp
    sin.o(i.__softfp_sin) refers to sin.o(i.__hardfp_sin) for __hardfp_sin
    sin.o(i.sin) refers (Special) to iusefp.o(.text) for __I$use$fp
    sin.o(i.sin) refers to sin.o(i.__hardfp_sin) for __hardfp_sin
    sin_x.o(i.____hardfp_sin$lsc) refers (Special) to iusefp.o(.text) for __I$use$fp
    sin_x.o(i.____hardfp_sin$lsc) refers to errno.o(i.__set_errno) for __set_errno
    sin_x.o(i.____hardfp_sin$lsc) refers to dadd.o(.text) for __aeabi_dadd
    sin_x.o(i.____hardfp_sin$lsc) refers to rred.o(i.__ieee754_rem_pio2) for __ieee754_rem_pio2
    sin_x.o(i.____hardfp_sin$lsc) refers to cos_i.o(i.__kernel_cos) for __kernel_cos
    sin_x.o(i.____hardfp_sin$lsc) refers to sin_i.o(i.__kernel_sin) for __kernel_sin
    sin_x.o(i.____softfp_sin$lsc) refers (Special) to iusefp.o(.text) for __I$use$fp
    sin_x.o(i.____softfp_sin$lsc) refers to sin_x.o(i.____hardfp_sin$lsc) for ____hardfp_sin$lsc
    sin_x.o(i.__sin$lsc) refers (Special) to iusefp.o(.text) for __I$use$fp
    sin_x.o(i.__sin$lsc) refers to sin_x.o(i.____hardfp_sin$lsc) for ____hardfp_sin$lsc
    sqrt.o(i.__hardfp_sqrt) refers (Special) to iusefp.o(.text) for __I$use$fp
    sqrt.o(i.__hardfp_sqrt) refers to dsqrt.o(.text) for _dsqrt
    sqrt.o(i.__hardfp_sqrt) refers to errno.o(i.__set_errno) for __set_errno
    sqrt.o(i.__softfp_sqrt) refers (Special) to iusefp.o(.text) for __I$use$fp
    sqrt.o(i.__softfp_sqrt) refers to dsqrt.o(.text) for _dsqrt
    sqrt.o(i.__softfp_sqrt) refers to errno.o(i.__set_errno) for __set_errno
    sqrt.o(i.sqrt) refers (Special) to iusefp.o(.text) for __I$use$fp
    sqrt.o(i.sqrt) refers to dsqrt.o(.text) for _dsqrt
    sqrt.o(i.sqrt) refers to errno.o(i.__set_errno) for __set_errno
    sqrt_x.o(i.____hardfp_sqrt$lsc) refers (Special) to iusefp.o(.text) for __I$use$fp
    sqrt_x.o(i.____hardfp_sqrt$lsc) refers to cdcmple.o(.text) for __aeabi_cdcmple
    sqrt_x.o(i.____hardfp_sqrt$lsc) refers to errno.o(i.__set_errno) for __set_errno
    sqrt_x.o(i.____hardfp_sqrt$lsc) refers to dsqrt.o(.text) for _dsqrt
    sqrt_x.o(i.____softfp_sqrt$lsc) refers (Special) to iusefp.o(.text) for __I$use$fp
    sqrt_x.o(i.____softfp_sqrt$lsc) refers to cdcmple.o(.text) for __aeabi_cdcmple
    sqrt_x.o(i.____softfp_sqrt$lsc) refers to errno.o(i.__set_errno) for __set_errno
    sqrt_x.o(i.____softfp_sqrt$lsc) refers to dsqrt.o(.text) for _dsqrt
    sqrt_x.o(i.__sqrt$lsc) refers (Special) to iusefp.o(.text) for __I$use$fp
    sqrt_x.o(i.__sqrt$lsc) refers to cdcmple.o(.text) for __aeabi_cdcmple
    sqrt_x.o(i.__sqrt$lsc) refers to errno.o(i.__set_errno) for __set_errno
    sqrt_x.o(i.__sqrt$lsc) refers to dsqrt.o(.text) for _dsqrt
    entry.o(.ARM.Collect$$$$00000000) refers (Special) to entry10a.o(.ARM.Collect$$$$0000000D) for __rt_final_cpp
    entry.o(.ARM.Collect$$$$00000000) refers (Special) to entry11a.o(.ARM.Collect$$$$0000000F) for __rt_final_exit
    entry.o(.ARM.Collect$$$$00000000) refers (Special) to entry7b.o(.ARM.Collect$$$$00000008) for _main_clock
    entry.o(.ARM.Collect$$$$00000000) refers (Special) to entry8b.o(.ARM.Collect$$$$0000000A) for _main_cpp_init
    entry.o(.ARM.Collect$$$$00000000) refers (Special) to entry9a.o(.ARM.Collect$$$$0000000B) for _main_init
    entry.o(.ARM.Collect$$$$00000000) refers (Special) to entry5.o(.ARM.Collect$$$$00000004) for _main_scatterload
    entry.o(.ARM.Collect$$$$00000000) refers (Special) to entry2.o(.ARM.Collect$$$$00000001) for _main_stk
    printfb.o(i.__0fprintf$bare) refers to printfb.o(i._printf_core) for _printf_core
    printfb.o(i.__0fprintf$bare) refers to fputc.o(i.fputc) for fputc
    printfb.o(i.__0printf$bare) refers to printfb.o(i._printf_core) for _printf_core
    printfb.o(i.__0printf$bare) refers to fputc.o(i.fputc) for fputc
    printfb.o(i.__0printf$bare) refers to stdout.o(.data) for __stdout
    printfb.o(i.__0snprintf$bare) refers to printfb.o(i._printf_core) for _printf_core
    printfb.o(i.__0snprintf$bare) refers to printfb.o(i._snputc) for _snputc
    printfb.o(i.__0sprintf$bare) refers to printfb.o(i._printf_core) for _printf_core
    printfb.o(i.__0sprintf$bare) refers to printfb.o(i._sputc) for _sputc
    printfb.o(i.__0vfprintf$bare) refers to printfb.o(i._printf_core) for _printf_core
    printfb.o(i.__0vfprintf$bare) refers to fputc.o(i.fputc) for fputc
    printfb.o(i.__0vprintf$bare) refers to printfb.o(i._printf_core) for _printf_core
    printfb.o(i.__0vprintf$bare) refers to fputc.o(i.fputc) for fputc
    printfb.o(i.__0vprintf$bare) refers to stdout.o(.data) for __stdout
    printfb.o(i.__0vsnprintf$bare) refers to printfb.o(i._printf_core) for _printf_core
    printfb.o(i.__0vsnprintf$bare) refers to printfb.o(i._snputc) for _snputc
    printfb.o(i.__0vsprintf$bare) refers to printfb.o(i._printf_core) for _printf_core
    printfb.o(i.__0vsprintf$bare) refers to printfb.o(i._sputc) for _sputc
    printf0.o(i.__0fprintf$0) refers to printf0.o(i._printf_core) for _printf_core
    printf0.o(i.__0fprintf$0) refers to fputc.o(i.fputc) for fputc
    printf0.o(i.__0printf$0) refers to printf0.o(i._printf_core) for _printf_core
    printf0.o(i.__0printf$0) refers to fputc.o(i.fputc) for fputc
    printf0.o(i.__0printf$0) refers to stdout.o(.data) for __stdout
    printf0.o(i.__0snprintf$0) refers to printf0.o(i._printf_core) for _printf_core
    printf0.o(i.__0snprintf$0) refers to printf0.o(i._snputc) for _snputc
    printf0.o(i.__0sprintf$0) refers to printf0.o(i._printf_core) for _printf_core
    printf0.o(i.__0sprintf$0) refers to printf0.o(i._sputc) for _sputc
    printf0.o(i.__0vfprintf$0) refers to printf0.o(i._printf_core) for _printf_core
    printf0.o(i.__0vfprintf$0) refers to fputc.o(i.fputc) for fputc
    printf0.o(i.__0vprintf$0) refers to printf0.o(i._printf_core) for _printf_core
    printf0.o(i.__0vprintf$0) refers to fputc.o(i.fputc) for fputc
    printf0.o(i.__0vprintf$0) refers to stdout.o(.data) for __stdout
    printf0.o(i.__0vsnprintf$0) refers to printf0.o(i._printf_core) for _printf_core
    printf0.o(i.__0vsnprintf$0) refers to printf0.o(i._snputc) for _snputc
    printf0.o(i.__0vsprintf$0) refers to printf0.o(i._printf_core) for _printf_core
    printf0.o(i.__0vsprintf$0) refers to printf0.o(i._sputc) for _sputc
    printf1.o(i.__0fprintf$1) refers to printf1.o(i._printf_core) for _printf_core
    printf1.o(i.__0fprintf$1) refers to fputc.o(i.fputc) for fputc
    printf1.o(i.__0printf$1) refers to printf1.o(i._printf_core) for _printf_core
    printf1.o(i.__0printf$1) refers to fputc.o(i.fputc) for fputc
    printf1.o(i.__0printf$1) refers to stdout.o(.data) for __stdout
    printf1.o(i.__0snprintf$1) refers to printf1.o(i._printf_core) for _printf_core
    printf1.o(i.__0snprintf$1) refers to printf1.o(i._snputc) for _snputc
    printf1.o(i.__0sprintf$1) refers to printf1.o(i._printf_core) for _printf_core
    printf1.o(i.__0sprintf$1) refers to printf1.o(i._sputc) for _sputc
    printf1.o(i.__0vfprintf$1) refers to printf1.o(i._printf_core) for _printf_core
    printf1.o(i.__0vfprintf$1) refers to fputc.o(i.fputc) for fputc
    printf1.o(i.__0vprintf$1) refers to printf1.o(i._printf_core) for _printf_core
    printf1.o(i.__0vprintf$1) refers to fputc.o(i.fputc) for fputc
    printf1.o(i.__0vprintf$1) refers to stdout.o(.data) for __stdout
    printf1.o(i.__0vsnprintf$1) refers to printf1.o(i._printf_core) for _printf_core
    printf1.o(i.__0vsnprintf$1) refers to printf1.o(i._snputc) for _snputc
    printf1.o(i.__0vsprintf$1) refers to printf1.o(i._printf_core) for _printf_core
    printf1.o(i.__0vsprintf$1) refers to printf1.o(i._sputc) for _sputc
    printf1.o(i._printf_core) refers to uidiv.o(.text) for __aeabi_uidivmod
    printf2.o(i.__0fprintf$2) refers to printf2.o(i._printf_core) for _printf_core
    printf2.o(i.__0fprintf$2) refers to fputc.o(i.fputc) for fputc
    printf2.o(i.__0printf$2) refers to printf2.o(i._printf_core) for _printf_core
    printf2.o(i.__0printf$2) refers to fputc.o(i.fputc) for fputc
    printf2.o(i.__0printf$2) refers to stdout.o(.data) for __stdout
    printf2.o(i.__0snprintf$2) refers to printf2.o(i._printf_core) for _printf_core
    printf2.o(i.__0snprintf$2) refers to printf2.o(i._snputc) for _snputc
    printf2.o(i.__0sprintf$2) refers to printf2.o(i._printf_core) for _printf_core
    printf2.o(i.__0sprintf$2) refers to printf2.o(i._sputc) for _sputc
    printf2.o(i.__0vfprintf$2) refers to printf2.o(i._printf_core) for _printf_core
    printf2.o(i.__0vfprintf$2) refers to fputc.o(i.fputc) for fputc
    printf2.o(i.__0vprintf$2) refers to printf2.o(i._printf_core) for _printf_core
    printf2.o(i.__0vprintf$2) refers to fputc.o(i.fputc) for fputc
    printf2.o(i.__0vprintf$2) refers to stdout.o(.data) for __stdout
    printf2.o(i.__0vsnprintf$2) refers to printf2.o(i._printf_core) for _printf_core
    printf2.o(i.__0vsnprintf$2) refers to printf2.o(i._snputc) for _snputc
    printf2.o(i.__0vsprintf$2) refers to printf2.o(i._printf_core) for _printf_core
    printf2.o(i.__0vsprintf$2) refers to printf2.o(i._sputc) for _sputc
    printf3.o(i.__0fprintf$3) refers to printf3.o(i._printf_core) for _printf_core
    printf3.o(i.__0fprintf$3) refers to fputc.o(i.fputc) for fputc
    printf3.o(i.__0printf$3) refers to printf3.o(i._printf_core) for _printf_core
    printf3.o(i.__0printf$3) refers to fputc.o(i.fputc) for fputc
    printf3.o(i.__0printf$3) refers to stdout.o(.data) for __stdout
    printf3.o(i.__0snprintf$3) refers to printf3.o(i._printf_core) for _printf_core
    printf3.o(i.__0snprintf$3) refers to printf3.o(i._snputc) for _snputc
    printf3.o(i.__0sprintf$3) refers to printf3.o(i._printf_core) for _printf_core
    printf3.o(i.__0sprintf$3) refers to printf3.o(i._sputc) for _sputc
    printf3.o(i.__0vfprintf$3) refers to printf3.o(i._printf_core) for _printf_core
    printf3.o(i.__0vfprintf$3) refers to fputc.o(i.fputc) for fputc
    printf3.o(i.__0vprintf$3) refers to printf3.o(i._printf_core) for _printf_core
    printf3.o(i.__0vprintf$3) refers to fputc.o(i.fputc) for fputc
    printf3.o(i.__0vprintf$3) refers to stdout.o(.data) for __stdout
    printf3.o(i.__0vsnprintf$3) refers to printf3.o(i._printf_core) for _printf_core
    printf3.o(i.__0vsnprintf$3) refers to printf3.o(i._snputc) for _snputc
    printf3.o(i.__0vsprintf$3) refers to printf3.o(i._printf_core) for _printf_core
    printf3.o(i.__0vsprintf$3) refers to printf3.o(i._sputc) for _sputc
    printf3.o(i._printf_core) refers to uidiv.o(.text) for __aeabi_uidivmod
    printf4.o(i.__0fprintf$4) refers to printf4.o(i._printf_core) for _printf_core
    printf4.o(i.__0fprintf$4) refers to fputc.o(i.fputc) for fputc
    printf4.o(i.__0printf$4) refers to printf4.o(i._printf_core) for _printf_core
    printf4.o(i.__0printf$4) refers to fputc.o(i.fputc) for fputc
    printf4.o(i.__0printf$4) refers to stdout.o(.data) for __stdout
    printf4.o(i.__0snprintf$4) refers to printf4.o(i._printf_core) for _printf_core
    printf4.o(i.__0snprintf$4) refers to printf4.o(i._snputc) for _snputc
    printf4.o(i.__0sprintf$4) refers to printf4.o(i._printf_core) for _printf_core
    printf4.o(i.__0sprintf$4) refers to printf4.o(i._sputc) for _sputc
    printf4.o(i.__0vfprintf$4) refers to printf4.o(i._printf_core) for _printf_core
    printf4.o(i.__0vfprintf$4) refers to fputc.o(i.fputc) for fputc
    printf4.o(i.__0vprintf$4) refers to printf4.o(i._printf_core) for _printf_core
    printf4.o(i.__0vprintf$4) refers to fputc.o(i.fputc) for fputc
    printf4.o(i.__0vprintf$4) refers to stdout.o(.data) for __stdout
    printf4.o(i.__0vsnprintf$4) refers to printf4.o(i._printf_core) for _printf_core
    printf4.o(i.__0vsnprintf$4) refers to printf4.o(i._snputc) for _snputc
    printf4.o(i.__0vsprintf$4) refers to printf4.o(i._printf_core) for _printf_core
    printf4.o(i.__0vsprintf$4) refers to printf4.o(i._sputc) for _sputc
    printf4.o(i._printf_core) refers to uldiv.o(.text) for __aeabi_uldivmod
    printf5.o(i.__0fprintf$5) refers to printf5.o(i._printf_core) for _printf_core
    printf5.o(i.__0fprintf$5) refers to fputc.o(i.fputc) for fputc
    printf5.o(i.__0printf$5) refers to printf5.o(i._printf_core) for _printf_core
    printf5.o(i.__0printf$5) refers to fputc.o(i.fputc) for fputc
    printf5.o(i.__0printf$5) refers to stdout.o(.data) for __stdout
    printf5.o(i.__0snprintf$5) refers to printf5.o(i._printf_core) for _printf_core
    printf5.o(i.__0snprintf$5) refers to printf5.o(i._snputc) for _snputc
    printf5.o(i.__0sprintf$5) refers to printf5.o(i._printf_core) for _printf_core
    printf5.o(i.__0sprintf$5) refers to printf5.o(i._sputc) for _sputc
    printf5.o(i.__0vfprintf$5) refers to printf5.o(i._printf_core) for _printf_core
    printf5.o(i.__0vfprintf$5) refers to fputc.o(i.fputc) for fputc
    printf5.o(i.__0vprintf$5) refers to printf5.o(i._printf_core) for _printf_core
    printf5.o(i.__0vprintf$5) refers to fputc.o(i.fputc) for fputc
    printf5.o(i.__0vprintf$5) refers to stdout.o(.data) for __stdout
    printf5.o(i.__0vsnprintf$5) refers to printf5.o(i._printf_core) for _printf_core
    printf5.o(i.__0vsnprintf$5) refers to printf5.o(i._snputc) for _snputc
    printf5.o(i.__0vsprintf$5) refers to printf5.o(i._printf_core) for _printf_core
    printf5.o(i.__0vsprintf$5) refers to printf5.o(i._sputc) for _sputc
    printf5.o(i._printf_core) refers to uldiv.o(.text) for __aeabi_uldivmod
    printf6.o(i.__0fprintf$6) refers to printf6.o(i._printf_core) for _printf_core
    printf6.o(i.__0fprintf$6) refers to fputc.o(i.fputc) for fputc
    printf6.o(i.__0printf$6) refers to printf6.o(i._printf_core) for _printf_core
    printf6.o(i.__0printf$6) refers to fputc.o(i.fputc) for fputc
    printf6.o(i.__0printf$6) refers to stdout.o(.data) for __stdout
    printf6.o(i.__0snprintf$6) refers to printf6.o(i._printf_core) for _printf_core
    printf6.o(i.__0snprintf$6) refers to printf6.o(i._snputc) for _snputc
    printf6.o(i.__0sprintf$6) refers to printf6.o(i._printf_core) for _printf_core
    printf6.o(i.__0sprintf$6) refers to printf6.o(i._sputc) for _sputc
    printf6.o(i.__0vfprintf$6) refers to printf6.o(i._printf_core) for _printf_core
    printf6.o(i.__0vfprintf$6) refers to fputc.o(i.fputc) for fputc
    printf6.o(i.__0vprintf$6) refers to printf6.o(i._printf_core) for _printf_core
    printf6.o(i.__0vprintf$6) refers to fputc.o(i.fputc) for fputc
    printf6.o(i.__0vprintf$6) refers to stdout.o(.data) for __stdout
    printf6.o(i.__0vsnprintf$6) refers to printf6.o(i._printf_core) for _printf_core
    printf6.o(i.__0vsnprintf$6) refers to printf6.o(i._snputc) for _snputc
    printf6.o(i.__0vsprintf$6) refers to printf6.o(i._printf_core) for _printf_core
    printf6.o(i.__0vsprintf$6) refers to printf6.o(i._sputc) for _sputc
    printf6.o(i._printf_core) refers to printf6.o(i._printf_pre_padding) for _printf_pre_padding
    printf6.o(i._printf_core) refers to uidiv.o(.text) for __aeabi_uidivmod
    printf6.o(i._printf_core) refers to printf6.o(i._printf_post_padding) for _printf_post_padding
    printf7.o(i.__0fprintf$7) refers to printf7.o(i._printf_core) for _printf_core
    printf7.o(i.__0fprintf$7) refers to fputc.o(i.fputc) for fputc
    printf7.o(i.__0printf$7) refers to printf7.o(i._printf_core) for _printf_core
    printf7.o(i.__0printf$7) refers to fputc.o(i.fputc) for fputc
    printf7.o(i.__0printf$7) refers to stdout.o(.data) for __stdout
    printf7.o(i.__0snprintf$7) refers to printf7.o(i._printf_core) for _printf_core
    printf7.o(i.__0snprintf$7) refers to printf7.o(i._snputc) for _snputc
    printf7.o(i.__0sprintf$7) refers to printf7.o(i._printf_core) for _printf_core
    printf7.o(i.__0sprintf$7) refers to printf7.o(i._sputc) for _sputc
    printf7.o(i.__0vfprintf$7) refers to printf7.o(i._printf_core) for _printf_core
    printf7.o(i.__0vfprintf$7) refers to fputc.o(i.fputc) for fputc
    printf7.o(i.__0vprintf$7) refers to printf7.o(i._printf_core) for _printf_core
    printf7.o(i.__0vprintf$7) refers to fputc.o(i.fputc) for fputc
    printf7.o(i.__0vprintf$7) refers to stdout.o(.data) for __stdout
    printf7.o(i.__0vsnprintf$7) refers to printf7.o(i._printf_core) for _printf_core
    printf7.o(i.__0vsnprintf$7) refers to printf7.o(i._snputc) for _snputc
    printf7.o(i.__0vsprintf$7) refers to printf7.o(i._printf_core) for _printf_core
    printf7.o(i.__0vsprintf$7) refers to printf7.o(i._sputc) for _sputc
    printf7.o(i._printf_core) refers to printf7.o(i._printf_pre_padding) for _printf_pre_padding
    printf7.o(i._printf_core) refers to uldiv.o(.text) for __aeabi_uldivmod
    printf7.o(i._printf_core) refers to printf7.o(i._printf_post_padding) for _printf_post_padding
    printf8.o(i.__0fprintf$8) refers to printf8.o(i._printf_core) for _printf_core
    printf8.o(i.__0fprintf$8) refers to fputc.o(i.fputc) for fputc
    printf8.o(i.__0printf$8) refers to printf8.o(i._printf_core) for _printf_core
    printf8.o(i.__0printf$8) refers to fputc.o(i.fputc) for fputc
    printf8.o(i.__0printf$8) refers to stdout.o(.data) for __stdout
    printf8.o(i.__0snprintf$8) refers to printf8.o(i._printf_core) for _printf_core
    printf8.o(i.__0snprintf$8) refers to printf8.o(i._snputc) for _snputc
    printf8.o(i.__0sprintf$8) refers to printf8.o(i._printf_core) for _printf_core
    printf8.o(i.__0sprintf$8) refers to printf8.o(i._sputc) for _sputc
    printf8.o(i.__0vfprintf$8) refers to printf8.o(i._printf_core) for _printf_core
    printf8.o(i.__0vfprintf$8) refers to fputc.o(i.fputc) for fputc
    printf8.o(i.__0vprintf$8) refers to printf8.o(i._printf_core) for _printf_core
    printf8.o(i.__0vprintf$8) refers to fputc.o(i.fputc) for fputc
    printf8.o(i.__0vprintf$8) refers to stdout.o(.data) for __stdout
    printf8.o(i.__0vsnprintf$8) refers to printf8.o(i._printf_core) for _printf_core
    printf8.o(i.__0vsnprintf$8) refers to printf8.o(i._snputc) for _snputc
    printf8.o(i.__0vsprintf$8) refers to printf8.o(i._printf_core) for _printf_core
    printf8.o(i.__0vsprintf$8) refers to printf8.o(i._sputc) for _sputc
    printf8.o(i._printf_core) refers to printf8.o(i._printf_pre_padding) for _printf_pre_padding
    printf8.o(i._printf_core) refers to uldiv.o(.text) for __aeabi_uldivmod
    printf8.o(i._printf_core) refers to printf8.o(i._printf_post_padding) for _printf_post_padding
    printfa.o(i.__0fprintf) refers (Special) to iusefp.o(.text) for __I$use$fp
    printfa.o(i.__0fprintf) refers to printfa.o(i._printf_core) for _printf_core
    printfa.o(i.__0fprintf) refers to fputc.o(i.fputc) for fputc
    printfa.o(i.__0printf) refers (Special) to iusefp.o(.text) for __I$use$fp
    printfa.o(i.__0printf) refers to printfa.o(i._printf_core) for _printf_core
    printfa.o(i.__0printf) refers to fputc.o(i.fputc) for fputc
    printfa.o(i.__0printf) refers to stdout.o(.data) for __stdout
    printfa.o(i.__0snprintf) refers (Special) to iusefp.o(.text) for __I$use$fp
    printfa.o(i.__0snprintf) refers to printfa.o(i._printf_core) for _printf_core
    printfa.o(i.__0snprintf) refers to printfa.o(i._snputc) for _snputc
    printfa.o(i.__0sprintf) refers (Special) to iusefp.o(.text) for __I$use$fp
    printfa.o(i.__0sprintf) refers to printfa.o(i._printf_core) for _printf_core
    printfa.o(i.__0sprintf) refers to printfa.o(i._sputc) for _sputc
    printfa.o(i.__0vfprintf) refers (Special) to iusefp.o(.text) for __I$use$fp
    printfa.o(i.__0vfprintf) refers to printfa.o(i._printf_core) for _printf_core
    printfa.o(i.__0vfprintf) refers to fputc.o(i.fputc) for fputc
    printfa.o(i.__0vprintf) refers (Special) to iusefp.o(.text) for __I$use$fp
    printfa.o(i.__0vprintf) refers to printfa.o(i._printf_core) for _printf_core
    printfa.o(i.__0vprintf) refers to fputc.o(i.fputc) for fputc
    printfa.o(i.__0vprintf) refers to stdout.o(.data) for __stdout
    printfa.o(i.__0vsnprintf) refers (Special) to iusefp.o(.text) for __I$use$fp
    printfa.o(i.__0vsnprintf) refers to printfa.o(i._printf_core) for _printf_core
    printfa.o(i.__0vsnprintf) refers to printfa.o(i._snputc) for _snputc
    printfa.o(i.__0vsprintf) refers (Special) to iusefp.o(.text) for __I$use$fp
    printfa.o(i.__0vsprintf) refers to printfa.o(i._printf_core) for _printf_core
    printfa.o(i.__0vsprintf) refers to printfa.o(i._sputc) for _sputc
    printfa.o(i._fp_digits) refers (Special) to iusefp.o(.text) for __I$use$fp
    printfa.o(i._fp_digits) refers to dmul.o(.text) for __aeabi_dmul
    printfa.o(i._fp_digits) refers to ddiv.o(.text) for __aeabi_ddiv
    printfa.o(i._fp_digits) refers to cdrcmple.o(.text) for __aeabi_cdrcmple
    printfa.o(i._fp_digits) refers to dadd.o(.text) for __aeabi_dadd
    printfa.o(i._fp_digits) refers to dfixul.o(.text) for __aeabi_d2ulz
    printfa.o(i._fp_digits) refers to uldiv.o(.text) for __aeabi_uldivmod
    printfa.o(i._printf_core) refers (Special) to iusefp.o(.text) for __I$use$fp
    printfa.o(i._printf_core) refers to printfa.o(i._printf_pre_padding) for _printf_pre_padding
    printfa.o(i._printf_core) refers to uldiv.o(.text) for __aeabi_uldivmod
    printfa.o(i._printf_core) refers to printfa.o(i._printf_post_padding) for _printf_post_padding
    printfa.o(i._printf_core) refers to printfa.o(i._fp_digits) for _fp_digits
    printfa.o(i._printf_core) refers to uidiv.o(.text) for __aeabi_uidivmod
    printfa.o(i._printf_post_padding) refers (Special) to iusefp.o(.text) for __I$use$fp
    printfa.o(i._printf_pre_padding) refers (Special) to iusefp.o(.text) for __I$use$fp
    printfa.o(i._snputc) refers (Special) to iusefp.o(.text) for __I$use$fp
    printfa.o(i._sputc) refers (Special) to iusefp.o(.text) for __I$use$fp
    dadd.o(.text) refers (Special) to iusefp.o(.text) for __I$use$fp
    dadd.o(.text) refers to llshl.o(.text) for __aeabi_llsl
    dadd.o(.text) refers to llsshr.o(.text) for __aeabi_lasr
    dadd.o(.text) refers to depilogue.o(.text) for _double_epilogue
    dmul.o(.text) refers (Special) to iusefp.o(.text) for __I$use$fp
    dmul.o(.text) refers to depilogue.o(.text) for _double_epilogue
    ddiv.o(.text) refers (Special) to iusefp.o(.text) for __I$use$fp
    ddiv.o(.text) refers to depilogue.o(.text) for _double_round
    dfltui.o(.text) refers (Special) to iusefp.o(.text) for __I$use$fp
    dfltui.o(.text) refers to depilogue.o(.text) for _double_epilogue
    f2d.o(.text) refers (Special) to iusefp.o(.text) for __I$use$fp
    d2f.o(.text) refers (Special) to iusefp.o(.text) for __I$use$fp
    d2f.o(.text) refers to fepilogue.o(.text) for _float_round
    atan.o(i.__hardfp_atan) refers (Special) to iusefp.o(.text) for __I$use$fp
    atan.o(i.__hardfp_atan) refers to dadd.o(.text) for __aeabi_dadd
    atan.o(i.__hardfp_atan) refers to fpclassify.o(i.__ARM_fpclassify) for __ARM_fpclassify
    atan.o(i.__hardfp_atan) refers to dunder.o(i.__mathlib_dbl_underflow) for __mathlib_dbl_underflow
    atan.o(i.__hardfp_atan) refers to fabs.o(i.fabs) for fabs
    atan.o(i.__hardfp_atan) refers to dmul.o(.text) for __aeabi_dmul
    atan.o(i.__hardfp_atan) refers to ddiv.o(.text) for __aeabi_ddiv
    atan.o(i.__hardfp_atan) refers to poly.o(i.__kernel_poly) for __kernel_poly
    atan.o(i.__hardfp_atan) refers to atan.o(.constdata) for .constdata
    atan.o(i.__softfp_atan) refers (Special) to iusefp.o(.text) for __I$use$fp
    atan.o(i.__softfp_atan) refers to atan.o(i.__hardfp_atan) for __hardfp_atan
    atan.o(i.atan) refers (Special) to iusefp.o(.text) for __I$use$fp
    atan.o(i.atan) refers to atan.o(i.__hardfp_atan) for __hardfp_atan
    atan.o(.constdata) refers (Special) to iusefp.o(.text) for __I$use$fp
    atan_x.o(i.____hardfp_atan$lsc) refers (Special) to iusefp.o(.text) for __I$use$fp
    atan_x.o(i.____hardfp_atan$lsc) refers to dadd.o(.text) for __aeabi_dadd
    atan_x.o(i.____hardfp_atan$lsc) refers to fabs.o(i.fabs) for fabs
    atan_x.o(i.____hardfp_atan$lsc) refers to dmul.o(.text) for __aeabi_dmul
    atan_x.o(i.____hardfp_atan$lsc) refers to ddiv.o(.text) for __aeabi_ddiv
    atan_x.o(i.____hardfp_atan$lsc) refers to poly.o(i.__kernel_poly) for __kernel_poly
    atan_x.o(i.____hardfp_atan$lsc) refers to atan_x.o(.constdata) for .constdata
    atan_x.o(i.____softfp_atan$lsc) refers (Special) to iusefp.o(.text) for __I$use$fp
    atan_x.o(i.____softfp_atan$lsc) refers to atan_x.o(i.____hardfp_atan$lsc) for ____hardfp_atan$lsc
    atan_x.o(i.__atan$lsc) refers (Special) to iusefp.o(.text) for __I$use$fp
    atan_x.o(i.__atan$lsc) refers to atan_x.o(i.____hardfp_atan$lsc) for ____hardfp_atan$lsc
    atan_x.o(.constdata) refers (Special) to iusefp.o(.text) for __I$use$fp
    cos_i.o(i.__kernel_cos) refers (Special) to iusefp.o(.text) for __I$use$fp
    cos_i.o(i.__kernel_cos) refers to dfixi.o(.text) for __aeabi_d2iz
    cos_i.o(i.__kernel_cos) refers to dmul.o(.text) for __aeabi_dmul
    cos_i.o(i.__kernel_cos) refers to poly.o(i.__kernel_poly) for __kernel_poly
    cos_i.o(i.__kernel_cos) refers to dadd.o(.text) for __aeabi_dsub
    cos_i.o(i.__kernel_cos) refers to cos_i.o(.constdata) for .constdata
    cos_i.o(.constdata) refers (Special) to iusefp.o(.text) for __I$use$fp
    fabs.o(i.__hardfp_fabs) refers (Special) to iusefp.o(.text) for __I$use$fp
    fabs.o(i.__softfp_fabs) refers (Special) to iusefp.o(.text) for __I$use$fp
    fabs.o(i.fabs) refers (Special) to iusefp.o(.text) for __I$use$fp
    qnan.o(.constdata) refers (Special) to iusefp.o(.text) for __I$use$fp
    rred.o(i.__ieee754_rem_pio2) refers (Special) to iusefp.o(.text) for __I$use$fp
    rred.o(i.__ieee754_rem_pio2) refers to dadd.o(.text) for __aeabi_dsub
    rred.o(i.__ieee754_rem_pio2) refers to fabs.o(i.fabs) for fabs
    rred.o(i.__ieee754_rem_pio2) refers to dmul.o(.text) for __aeabi_dmul
    rred.o(i.__ieee754_rem_pio2) refers to dfixi.o(.text) for __aeabi_d2iz
    rred.o(i.__ieee754_rem_pio2) refers to dflti.o(.text) for __aeabi_i2d
    rred.o(i.__ieee754_rem_pio2) refers to dfltui.o(.text) for __aeabi_ui2d
    rred.o(i.__ieee754_rem_pio2) refers to rred.o(.constdata) for .constdata
    rred.o(i.__use_accurate_range_reduction) refers (Special) to iusefp.o(.text) for __I$use$fp
    rred.o(.constdata) refers (Special) to iusefp.o(.text) for __I$use$fp
    sin_i.o(i.__kernel_sin) refers (Special) to iusefp.o(.text) for __I$use$fp
    sin_i.o(i.__kernel_sin) refers to fpclassify.o(i.__ARM_fpclassify) for __ARM_fpclassify
    sin_i.o(i.__kernel_sin) refers to dunder.o(i.__mathlib_dbl_underflow) for __mathlib_dbl_underflow
    sin_i.o(i.__kernel_sin) refers to dmul.o(.text) for __aeabi_dmul
    sin_i.o(i.__kernel_sin) refers to poly.o(i.__kernel_poly) for __kernel_poly
    sin_i.o(i.__kernel_sin) refers to dadd.o(.text) for __aeabi_dsub
    sin_i.o(i.__kernel_sin) refers to sin_i.o(.constdata) for .constdata
    sin_i.o(.constdata) refers (Special) to iusefp.o(.text) for __I$use$fp
    sin_i_x.o(i.____kernel_sin$lsc) refers (Special) to iusefp.o(.text) for __I$use$fp
    sin_i_x.o(i.____kernel_sin$lsc) refers to dmul.o(.text) for __aeabi_dmul
    sin_i_x.o(i.____kernel_sin$lsc) refers to poly.o(i.__kernel_poly) for __kernel_poly
    sin_i_x.o(i.____kernel_sin$lsc) refers to dadd.o(.text) for __aeabi_dsub
    sin_i_x.o(i.____kernel_sin$lsc) refers to sin_i_x.o(.constdata) for .constdata
    sin_i_x.o(.constdata) refers (Special) to iusefp.o(.text) for __I$use$fp
    entry2.o(.ARM.Collect$$$$00000001) refers to entry2.o(.ARM.Collect$$$$00002712) for __lit__00000000
    entry2.o(.ARM.Collect$$$$00002712) refers to startup_tm4c123.o(STACK) for __initial_sp
    entry2.o(__vectab_stack_and_reset_area) refers to startup_tm4c123.o(STACK) for __initial_sp
    entry2.o(__vectab_stack_and_reset_area) refers to entry.o(.ARM.Collect$$$$00000000) for __main
    entry5.o(.ARM.Collect$$$$00000004) refers to init.o(.text) for __scatterload
    entry9a.o(.ARM.Collect$$$$0000000B) refers to yu.o(i.main) for main
    entry9b.o(.ARM.Collect$$$$0000000C) refers to yu.o(i.main) for main
    fputc.o(i.fputc) refers (Special) to iusesemip.o(.text) for __I$use$semihosting$fputc
    fputc.o(i.fputc) refers (Special) to semi.o(.text) for __semihosting_library_function
    uldiv.o(.text) refers to llushr.o(.text) for __aeabi_llsr
    uldiv.o(.text) refers to llshl.o(.text) for __aeabi_llsl
    errno.o(i.__aeabi_errno_addr) refers to errno.o(.data) for .data
    errno.o(i.__read_errno) refers to errno.o(.data) for .data
    errno.o(i.__set_errno) refers to errno.o(.data) for .data
    depilogue.o(.text) refers to llshl.o(.text) for __aeabi_llsl
    depilogue.o(.text) refers to llushr.o(.text) for __aeabi_llsr
    dsqrt.o(.text) refers to llushr.o(.text) for __aeabi_llsr
    dsqrt.o(.text) refers to depilogue.o(.text) for _double_round
    dfixul.o(.text) refers to llushr.o(.text) for __aeabi_llsr
    dfixul.o(.text) refers to llshl.o(.text) for __aeabi_llsl
    dunder.o(i.__mathlib_dbl_underflow) refers to dmul.o(.text) for __aeabi_dmul
    fpclassify.o(i.__ARM_fpclassify) refers (Special) to iusefp.o(.text) for __I$use$fp
    poly.o(i.__kernel_poly) refers (Special) to iusefp.o(.text) for __I$use$fp
    poly.o(i.__kernel_poly) refers to dmul.o(.text) for __aeabi_dmul
    poly.o(i.__kernel_poly) refers to dadd.o(.text) for __aeabi_dadd
    init.o(.text) refers to entry5.o(.ARM.Collect$$$$00000004) for __main_after_scatterload
    dflti.o(.text) refers to depilogue.o(.text) for _double_epilogue
    dfixi.o(.text) refers to llushr.o(.text) for __aeabi_llsr


==============================================================================

Removing Unused input sections from the image.

    Removing startup_tm4c123.o(HEAP), (0 bytes).
    Removing yu.o(i.UART0_SendFloat), (84 bytes).
    Removing yu.o(i.enable_fpu), (24 bytes).
    Removing system_tm4c123.o(.rev16_text), (4 bytes).
    Removing system_tm4c123.o(.revsh_text), (4 bytes).
    Removing system_tm4c123.o(i.SystemCoreClockUpdate), (196 bytes).
    Removing system_tm4c123.o(i.SystemInit), (152 bytes).
    Removing system_tm4c123.o(i.getOscClk), (248 bytes).
    Removing system_tm4c123.o(.data), (4 bytes).
    Removing delay.o(i.Delay_ms), (24 bytes).
    Removing lcd_-2.o(i.LCD_clearScreen), (16 bytes).
    Removing lcd_-2.o(i.LCD_print), (38 bytes).
    Removing dneg.o(.text), (6 bytes).
    Removing dfixul.o(.text), (48 bytes).
    Removing cdcmple.o(.text), (40 bytes).
    Removing cdrcmple.o(.text), (40 bytes).

16 unused section(s) (total 928 bytes) removed from the image.

==============================================================================

Image Symbol Table

    Local Symbols

    Symbol Name                              Value     Ov Type        Size  Object(Section)

    RESET                                    0x00000000   Section      620  startup_tm4c123.o(RESET)
    ../clib/microlib/division.c              0x00000000   Number         0  uidiv.o ABSOLUTE
    ../clib/microlib/division.c              0x00000000   Number         0  uldiv.o ABSOLUTE
    ../clib/microlib/errno.c                 0x00000000   Number         0  errno.o ABSOLUTE
    ../clib/microlib/init/entry.s            0x00000000   Number         0  entry11a.o ABSOLUTE
    ../clib/microlib/init/entry.s            0x00000000   Number         0  entry10b.o ABSOLUTE
    ../clib/microlib/init/entry.s            0x00000000   Number         0  entry7a.o ABSOLUTE
    ../clib/microlib/init/entry.s            0x00000000   Number         0  entry5.o ABSOLUTE
    ../clib/microlib/init/entry.s            0x00000000   Number         0  entry9b.o ABSOLUTE
    ../clib/microlib/init/entry.s            0x00000000   Number         0  entry2.o ABSOLUTE
    ../clib/microlib/init/entry.s            0x00000000   Number         0  entry.o ABSOLUTE
    ../clib/microlib/init/entry.s            0x00000000   Number         0  entry9a.o ABSOLUTE
    ../clib/microlib/init/entry.s            0x00000000   Number         0  entry10a.o ABSOLUTE
    ../clib/microlib/init/entry.s            0x00000000   Number         0  entry8b.o ABSOLUTE
    ../clib/microlib/init/entry.s            0x00000000   Number         0  entry8a.o ABSOLUTE
    ../clib/microlib/init/entry.s            0x00000000   Number         0  entry11b.o ABSOLUTE
    ../clib/microlib/init/entry.s            0x00000000   Number         0  entry7b.o ABSOLUTE
    ../clib/microlib/longlong.c              0x00000000   Number         0  llsshr.o ABSOLUTE
    ../clib/microlib/longlong.c              0x00000000   Number         0  llshl.o ABSOLUTE
    ../clib/microlib/longlong.c              0x00000000   Number         0  llushr.o ABSOLUTE
    ../clib/microlib/printf/printf.c         0x00000000   Number         0  printf6.o ABSOLUTE
    ../clib/microlib/printf/printf.c         0x00000000   Number         0  printf5.o ABSOLUTE
    ../clib/microlib/printf/printf.c         0x00000000   Number         0  printf4.o ABSOLUTE
    ../clib/microlib/printf/printf.c         0x00000000   Number         0  printf3.o ABSOLUTE
    ../clib/microlib/printf/printf.c         0x00000000   Number         0  printf2.o ABSOLUTE
    ../clib/microlib/printf/printf.c         0x00000000   Number         0  printf1.o ABSOLUTE
    ../clib/microlib/printf/printf.c         0x00000000   Number         0  printf0.o ABSOLUTE
    ../clib/microlib/printf/printf.c         0x00000000   Number         0  printfb.o ABSOLUTE
    ../clib/microlib/printf/printf.c         0x00000000   Number         0  printf8.o ABSOLUTE
    ../clib/microlib/printf/printf.c         0x00000000   Number         0  printf7.o ABSOLUTE
    ../clib/microlib/printf/printf.c         0x00000000   Number         0  printfa.o ABSOLUTE
    ../clib/microlib/printf/stubs.s          0x00000000   Number         0  stubs.o ABSOLUTE
    ../clib/microlib/stdio/fputc.c           0x00000000   Number         0  fputc.o ABSOLUTE
    ../clib/microlib/stdio/semi.s            0x00000000   Number         0  semi.o ABSOLUTE
    ../clib/microlib/stdio/streams.c         0x00000000   Number         0  stdout.o ABSOLUTE
    ../clib/microlib/string/memcpy.c         0x00000000   Number         0  memcpya.o ABSOLUTE
    ../clib/microlib/string/memcpy.c         0x00000000   Number         0  memcpyb.o ABSOLUTE
    ../clib/microlib/string/strchr.c         0x00000000   Number         0  strchr.o ABSOLUTE
    ../clib/microlib/string/strcpy.c         0x00000000   Number         0  strcpy.o ABSOLUTE
    ../clib/microlib/string/strncpy.c        0x00000000   Number         0  strncpy.o ABSOLUTE
    ../clib/microlib/stubs.s                 0x00000000   Number         0  iusefp.o ABSOLUTE
    ../clib/microlib/stubs.s                 0x00000000   Number         0  iusesemip.o ABSOLUTE
    ../fplib/microlib/d2f.c                  0x00000000   Number         0  d2f.o ABSOLUTE
    ../fplib/microlib/f2d.c                  0x00000000   Number         0  f2d.o ABSOLUTE
    ../fplib/microlib/fpadd.c                0x00000000   Number         0  dadd.o ABSOLUTE
    ../fplib/microlib/fpdiv.c                0x00000000   Number         0  ddiv.o ABSOLUTE
    ../fplib/microlib/fpepilogue.c           0x00000000   Number         0  fepilogue.o ABSOLUTE
    ../fplib/microlib/fpepilogue.c           0x00000000   Number         0  depilogue.o ABSOLUTE
    ../fplib/microlib/fpfix.c                0x00000000   Number         0  dfixul.o ABSOLUTE
    ../fplib/microlib/fpfix.c                0x00000000   Number         0  dfixi.o ABSOLUTE
    ../fplib/microlib/fpflt.c                0x00000000   Number         0  dfltui.o ABSOLUTE
    ../fplib/microlib/fpflt.c                0x00000000   Number         0  dflti.o ABSOLUTE
    ../fplib/microlib/fpmul.c                0x00000000   Number         0  dmul.o ABSOLUTE
    ../fplib/microlib/fpneg.c                0x00000000   Number         0  dneg.o ABSOLUTE
    ../fplib/microlib/fpsqrt.c               0x00000000   Number         0  dsqrt.o ABSOLUTE
    ../mathlib/atan.c                        0x00000000   Number         0  atan_x.o ABSOLUTE
    ../mathlib/atan.c                        0x00000000   Number         0  atan.o ABSOLUTE
    ../mathlib/atan2.c                       0x00000000   Number         0  atan2.o ABSOLUTE
    ../mathlib/atan2.c                       0x00000000   Number         0  atan2_x.o ABSOLUTE
    ../mathlib/cos.c                         0x00000000   Number         0  cos_x.o ABSOLUTE
    ../mathlib/cos.c                         0x00000000   Number         0  cos.o ABSOLUTE
    ../mathlib/cos_i.c                       0x00000000   Number         0  cos_i.o ABSOLUTE
    ../mathlib/dunder.c                      0x00000000   Number         0  dunder.o ABSOLUTE
    ../mathlib/fabs.c                        0x00000000   Number         0  fabs.o ABSOLUTE
    ../mathlib/fpclassify.c                  0x00000000   Number         0  fpclassify.o ABSOLUTE
    ../mathlib/poly.c                        0x00000000   Number         0  poly.o ABSOLUTE
    ../mathlib/qnan.c                        0x00000000   Number         0  qnan.o ABSOLUTE
    ../mathlib/rred.c                        0x00000000   Number         0  rred.o ABSOLUTE
    ../mathlib/sin.c                         0x00000000   Number         0  sin.o ABSOLUTE
    ../mathlib/sin.c                         0x00000000   Number         0  sin_x.o ABSOLUTE
    ../mathlib/sin_i.c                       0x00000000   Number         0  sin_i_x.o ABSOLUTE
    ../mathlib/sin_i.c                       0x00000000   Number         0  sin_i.o ABSOLUTE
    ../mathlib/sqrt.c                        0x00000000   Number         0  sqrt_x.o ABSOLUTE
    ../mathlib/sqrt.c                        0x00000000   Number         0  sqrt.o ABSOLUTE
    Delay.c                                  0x00000000   Number         0  delay.o ABSOLUTE
    LCD_-2.c                                 0x00000000   Number         0  lcd_-2.o ABSOLUTE
    SysTick-1.c                              0x00000000   Number         0  systick-1.o ABSOLUTE
    cdcmple.s                                0x00000000   Number         0  cdcmple.o ABSOLUTE
    cdrcmple.s                               0x00000000   Number         0  cdrcmple.o ABSOLUTE
    dc.s                                     0x00000000   Number         0  dc.o ABSOLUTE
    handlers.s                               0x00000000   Number         0  handlers.o ABSOLUTE
    init.s                                   0x00000000   Number         0  init.o ABSOLUTE
    startup_TM4C123.s                        0x00000000   Number         0  startup_tm4c123.o ABSOLUTE
    system_TM4C123.c                         0x00000000   Number         0  system_tm4c123.o ABSOLUTE
    system_TM4C123.c                         0x00000000   Number         0  system_tm4c123.o ABSOLUTE
    yu.c                                     0x00000000   Number         0  yu.o ABSOLUTE
    .ARM.Collect$$$$00000000                 0x0000026c   Section        0  entry.o(.ARM.Collect$$$$00000000)
    .ARM.Collect$$$$00000001                 0x0000026c   Section        4  entry2.o(.ARM.Collect$$$$00000001)
    .ARM.Collect$$$$00000004                 0x00000270   Section        4  entry5.o(.ARM.Collect$$$$00000004)
    .ARM.Collect$$$$00000008                 0x00000274   Section        0  entry7b.o(.ARM.Collect$$$$00000008)
    .ARM.Collect$$$$0000000A                 0x00000274   Section        0  entry8b.o(.ARM.Collect$$$$0000000A)
    .ARM.Collect$$$$0000000B                 0x00000274   Section        8  entry9a.o(.ARM.Collect$$$$0000000B)
    .ARM.Collect$$$$0000000D                 0x0000027c   Section        0  entry10a.o(.ARM.Collect$$$$0000000D)
    .ARM.Collect$$$$0000000F                 0x0000027c   Section        0  entry11a.o(.ARM.Collect$$$$0000000F)
    .ARM.Collect$$$$00002712                 0x0000027c   Section        4  entry2.o(.ARM.Collect$$$$00002712)
    __lit__00000000                          0x0000027c   Data           4  entry2.o(.ARM.Collect$$$$00002712)
    .text                                    0x00000280   Section      264  startup_tm4c123.o(.text)
    $v0                                      0x00000280   Number         0  startup_tm4c123.o(.text)
    .text                                    0x00000388   Section        0  memcpya.o(.text)
    .text                                    0x000003ac   Section        0  strncpy.o(.text)
    .text                                    0x000003c4   Section        0  strchr.o(.text)
    .text                                    0x000003d8   Section        0  strcpy.o(.text)
    .text                                    0x000003ea   Section        0  dadd.o(.text)
    .text                                    0x00000538   Section        0  dmul.o(.text)
    .text                                    0x0000061c   Section        0  ddiv.o(.text)
    .text                                    0x000006fa   Section        0  dfltui.o(.text)
    .text                                    0x00000714   Section        0  f2d.o(.text)
    .text                                    0x0000073a   Section        0  d2f.o(.text)
    .text                                    0x00000772   Section        0  llshl.o(.text)
    .text                                    0x00000790   Section        0  llsshr.o(.text)
    .text                                    0x000007b4   Section        0  iusefp.o(.text)
    .text                                    0x000007b4   Section        0  fepilogue.o(.text)
    .text                                    0x00000820   Section        0  depilogue.o(.text)
    .text                                    0x000008de   Section        0  dsqrt.o(.text)
    .text                                    0x00000980   Section       36  init.o(.text)
    .text                                    0x000009a4   Section        0  llushr.o(.text)
    .text                                    0x000009c4   Section        0  dflti.o(.text)
    .text                                    0x000009e6   Section        0  dfixi.o(.text)
    i.GPS_CalculateDistance                  0x00000a24   Section        0  yu.o(i.GPS_CalculateDistance)
    i.GPS_ConvertToDecimalDegrees            0x00000cd4   Section        0  yu.o(i.GPS_ConvertToDecimalDegrees)
    i.GPS_DegreesToRadians                   0x00000d7c   Section        0  yu.o(i.GPS_DegreesToRadians)
    i.GPS_IsInRange                          0x00000dd0   Section        0  yu.o(i.GPS_IsInRange)
    i.IsUartDataAvailable                    0x00000e18   Section        0  yu.o(i.IsUartDataAvailable)
    i.LCD_Busy                               0x00000e30   Section        0  lcd_-2.o(i.LCD_Busy)
    i.LCD_GPIO_Init                          0x00000eb4   Section        0  lcd_-2.o(i.LCD_GPIO_Init)
    i.LCD_command                            0x00000f18   Section        0  lcd_-2.o(i.LCD_command)
    i.LCD_data                               0x00000f54   Section        0  lcd_-2.o(i.LCD_data)
    i.LCD_enable                             0x00000fa0   Section        0  lcd_-2.o(i.LCD_enable)
    LCD_enable                               0x00000fa1   Thumb Code    48  lcd_-2.o(i.LCD_enable)
    i.LCD_init                               0x00000fd8   Section        0  lcd_-2.o(i.LCD_init)
    i.LCD_send_4bits                         0x00001044   Section        0  lcd_-2.o(i.LCD_send_4bits)
    i.RequiredSentence                       0x0000107c   Section        0  yu.o(i.RequiredSentence)
    i.SysTick_Init                           0x000010aa   Section        0  systick-1.o(i.SysTick_Init)
    i.UART0_Init                             0x000010c4   Section        0  yu.o(i.UART0_Init)
    i.UART0_SendChar                         0x0000115c   Section        0  yu.o(i.UART0_SendChar)
    i.UART0_SendString                       0x00001174   Section        0  yu.o(i.UART0_SendString)
    i.UART1_Handler                          0x0000118c   Section        0  yu.o(i.UART1_Handler)
    i.UART1_Init                             0x0000120c   Section        0  yu.o(i.UART1_Init)
    i.UART1_ReadChar                         0x000012c8   Section        0  yu.o(i.UART1_ReadChar)
    i.__ARM_fpclassify                       0x000012e0   Section        0  fpclassify.o(i.__ARM_fpclassify)
    i.__hardfp_atan                          0x00001310   Section        0  atan.o(i.__hardfp_atan)
    i.__hardfp_atan2                         0x000015f8   Section        0  atan2.o(i.__hardfp_atan2)
    i.__hardfp_cos                           0x000017d8   Section        0  cos.o(i.__hardfp_cos)
    i.__hardfp_sin                           0x000018b0   Section        0  sin.o(i.__hardfp_sin)
    i.__hardfp_sqrt                          0x00001988   Section        0  sqrt.o(i.__hardfp_sqrt)
    i.__ieee754_rem_pio2                     0x00001a08   Section        0  rred.o(i.__ieee754_rem_pio2)
    i.__kernel_cos                           0x00001e60   Section        0  cos_i.o(i.__kernel_cos)
    i.__kernel_poly                          0x00001fd0   Section        0  poly.o(i.__kernel_poly)
    i.__kernel_sin                           0x000020c8   Section        0  sin_i.o(i.__kernel_sin)
    i.__mathlib_dbl_underflow                0x000021f8   Section        0  dunder.o(i.__mathlib_dbl_underflow)
    i.__scatterload_copy                     0x00002218   Section       14  handlers.o(i.__scatterload_copy)
    i.__scatterload_null                     0x00002226   Section        2  handlers.o(i.__scatterload_null)
    i.__scatterload_zeroinit                 0x00002228   Section       14  handlers.o(i.__scatterload_zeroinit)
    i.__set_errno                            0x00002238   Section        0  errno.o(i.__set_errno)
    i.atan                                   0x00002244   Section        0  atan.o(i.atan)
    i.delayMs                                0x00002254   Section        0  systick-1.o(i.delayMs)
    i.delayUs                                0x0000226e   Section        0  systick-1.o(i.delayUs)
    i.fabs                                   0x0000228c   Section        0  fabs.o(i.fabs)
    i.gpsDataParser                          0x000022ac   Section        0  yu.o(i.gpsDataParser)
    i.main                                   0x000023b0   Section        0  yu.o(i.main)
    i.simple_atof                            0x0000256c   Section        0  yu.o(i.simple_atof)
    .constdata                               0x00002630   Section      140  yu.o(.constdata)
    .constdata                               0x000026c0   Section      152  atan.o(.constdata)
    atanhi                                   0x000026c0   Data          32  atan.o(.constdata)
    atanlo                                   0x000026e0   Data          32  atan.o(.constdata)
    aTodd                                    0x00002700   Data          40  atan.o(.constdata)
    aTeven                                   0x00002728   Data          48  atan.o(.constdata)
    .constdata                               0x00002758   Section       48  cos_i.o(.constdata)
    C                                        0x00002758   Data          48  cos_i.o(.constdata)
    .constdata                               0x00002788   Section        8  qnan.o(.constdata)
    .constdata                               0x00002790   Section      200  rred.o(.constdata)
    pio2s                                    0x00002790   Data          48  rred.o(.constdata)
    twooverpi                                0x000027c0   Data         152  rred.o(.constdata)
    .constdata                               0x00002858   Section       40  sin_i.o(.constdata)
    S                                        0x00002858   Data          40  sin_i.o(.constdata)
    .data                                    0x20000000   Section       16  yu.o(.data)
    WrongReceivedSignals                     0x20000004   Data           4  yu.o(.data)
    SentenceFound                            0x20000008   Data           1  yu.o(.data)
    flagEnd                                  0x20000009   Data           1  yu.o(.data)
    flag_found                               0x2000000a   Data           1  yu.o(.data)
    counter                                  0x2000000c   Data           4  yu.o(.data)
    .data                                    0x20000010   Section        4  errno.o(.data)
    _errno                                   0x20000010   Data           4  errno.o(.data)
    .bss                                     0x20000014   Section      220  yu.o(.bss)
    Fields                                   0x20000014   Data         120  yu.o(.bss)
    gpsStoredData                            0x2000008c   Data         100  yu.o(.bss)
    STACK                                    0x200000f0   Section     2048  startup_tm4c123.o(STACK)

    Global Symbols

    Symbol Name                              Value     Ov Type        Size  Object(Section)

    BuildAttributes$$THM_ISAv4$E$P$D$K$B$S$7EM$VFPi3$EXTD16$VFPS$VFMA$PE$A:L22UL41UL21$X:L11$S22US41US21$IEEE1$IW$USESV6$~STKCKD$USESV7$~SHL$OTIME$ROPI$IEEEX$EBA8$MICROLIB$REQ8$PRES8$EABIv2 0x00000000   Number         0  anon$$obj.o ABSOLUTE
    __ARM_use_no_argv                        0x00000000   Number         0  yu.o ABSOLUTE
    __Vectors                                0x00000000   Data           4  startup_tm4c123.o(RESET)
    _printf_a                                0x00000000   Number         0  stubs.o ABSOLUTE
    _printf_c                                0x00000000   Number         0  stubs.o ABSOLUTE
    _printf_charcount                        0x00000000   Number         0  stubs.o ABSOLUTE
    _printf_d                                0x00000000   Number         0  stubs.o ABSOLUTE
    _printf_e                                0x00000000   Number         0  stubs.o ABSOLUTE
    _printf_f                                0x00000000   Number         0  stubs.o ABSOLUTE
    _printf_flags                            0x00000000   Number         0  stubs.o ABSOLUTE
    _printf_fp_dec                           0x00000000   Number         0  stubs.o ABSOLUTE
    _printf_fp_hex                           0x00000000   Number         0  stubs.o ABSOLUTE
    _printf_g                                0x00000000   Number         0  stubs.o ABSOLUTE
    _printf_i                                0x00000000   Number         0  stubs.o ABSOLUTE
    _printf_int_dec                          0x00000000   Number         0  stubs.o ABSOLUTE
    _printf_l                                0x00000000   Number         0  stubs.o ABSOLUTE
    _printf_lc                               0x00000000   Number         0  stubs.o ABSOLUTE
    _printf_ll                               0x00000000   Number         0  stubs.o ABSOLUTE
    _printf_lld                              0x00000000   Number         0  stubs.o ABSOLUTE
    _printf_lli                              0x00000000   Number         0  stubs.o ABSOLUTE
    _printf_llo                              0x00000000   Number         0  stubs.o ABSOLUTE
    _printf_llu                              0x00000000   Number         0  stubs.o ABSOLUTE
    _printf_llx                              0x00000000   Number         0  stubs.o ABSOLUTE
    _printf_longlong_dec                     0x00000000   Number         0  stubs.o ABSOLUTE
    _printf_longlong_hex                     0x00000000   Number         0  stubs.o ABSOLUTE
    _printf_longlong_oct                     0x00000000   Number         0  stubs.o ABSOLUTE
    _printf_ls                               0x00000000   Number         0  stubs.o ABSOLUTE
    _printf_mbtowc                           0x00000000   Number         0  stubs.o ABSOLUTE
    _printf_n                                0x00000000   Number         0  stubs.o ABSOLUTE
    _printf_o                                0x00000000   Number         0  stubs.o ABSOLUTE
    _printf_p                                0x00000000   Number         0  stubs.o ABSOLUTE
    _printf_percent                          0x00000000   Number         0  stubs.o ABSOLUTE
    _printf_pre_padding                      0x00000000   Number         0  stubs.o ABSOLUTE
    _printf_return_value                     0x00000000   Number         0  stubs.o ABSOLUTE
    _printf_s                                0x00000000   Number         0  stubs.o ABSOLUTE
    _printf_sizespec                         0x00000000   Number         0  stubs.o ABSOLUTE
    _printf_str                              0x00000000   Number         0  stubs.o ABSOLUTE
    _printf_truncate_signed                  0x00000000   Number         0  stubs.o ABSOLUTE
    _printf_truncate_unsigned                0x00000000   Number         0  stubs.o ABSOLUTE
    _printf_u                                0x00000000   Number         0  stubs.o ABSOLUTE
    _printf_wc                               0x00000000   Number         0  stubs.o ABSOLUTE
    _printf_wctomb                           0x00000000   Number         0  stubs.o ABSOLUTE
    _printf_widthprec                        0x00000000   Number         0  stubs.o ABSOLUTE
    _printf_x                                0x00000000   Number         0  stubs.o ABSOLUTE
    __cpp_initialize__aeabi_                  - Undefined Weak Reference
    __cxa_finalize                            - Undefined Weak Reference
    __decompress                              - Undefined Weak Reference
    _clock_init                               - Undefined Weak Reference
    _microlib_exit                            - Undefined Weak Reference
    __Vectors_End                            0x0000026c   Data           0  startup_tm4c123.o(RESET)
    __Vectors_Size                           0x0000026c   Number         0  startup_tm4c123.o ABSOLUTE
    __main                                   0x0000026d   Thumb Code     0  entry.o(.ARM.Collect$$$$00000000)
    _main_stk                                0x0000026d   Thumb Code     0  entry2.o(.ARM.Collect$$$$00000001)
    _main_scatterload                        0x00000271   Thumb Code     0  entry5.o(.ARM.Collect$$$$00000004)
    __main_after_scatterload                 0x00000275   Thumb Code     0  entry5.o(.ARM.Collect$$$$00000004)
    _main_clock                              0x00000275   Thumb Code     0  entry7b.o(.ARM.Collect$$$$00000008)
    _main_cpp_init                           0x00000275   Thumb Code     0  entry8b.o(.ARM.Collect$$$$0000000A)
    _main_init                               0x00000275   Thumb Code     0  entry9a.o(.ARM.Collect$$$$0000000B)
    __rt_final_cpp                           0x0000027d   Thumb Code     0  entry10a.o(.ARM.Collect$$$$0000000D)
    __rt_final_exit                          0x0000027d   Thumb Code     0  entry11a.o(.ARM.Collect$$$$0000000F)
    Reset_Handler                            0x00000281   Thumb Code    22  startup_tm4c123.o(.text)
    NMI_Handler                              0x00000297   Thumb Code     2  startup_tm4c123.o(.text)
    HardFault_Handler                        0x00000299   Thumb Code     2  startup_tm4c123.o(.text)
    MemManage_Handler                        0x0000029b   Thumb Code     2  startup_tm4c123.o(.text)
    BusFault_Handler                         0x0000029d   Thumb Code     2  startup_tm4c123.o(.text)
    UsageFault_Handler                       0x0000029f   Thumb Code     2  startup_tm4c123.o(.text)
    SVC_Handler                              0x000002a1   Thumb Code     2  startup_tm4c123.o(.text)
    DebugMon_Handler                         0x000002a3   Thumb Code     2  startup_tm4c123.o(.text)
    PendSV_Handler                           0x000002a5   Thumb Code     2  startup_tm4c123.o(.text)
    SysTick_Handler                          0x000002a7   Thumb Code     2  startup_tm4c123.o(.text)
    GPIOA_Handler                            0x000002a9   Thumb Code     2  startup_tm4c123.o(.text)
    GPIOB_Handler                            0x000002ab   Thumb Code     2  startup_tm4c123.o(.text)
    GPIOC_Handler                            0x000002ad   Thumb Code     2  startup_tm4c123.o(.text)
    GPIOD_Handler                            0x000002af   Thumb Code     2  startup_tm4c123.o(.text)
    GPIOE_Handler                            0x000002b1   Thumb Code     2  startup_tm4c123.o(.text)
    UART0_Handler                            0x000002b3   Thumb Code     2  startup_tm4c123.o(.text)
    SSI0_Handler                             0x000002b7   Thumb Code     2  startup_tm4c123.o(.text)
    I2C0_Handler                             0x000002b9   Thumb Code     2  startup_tm4c123.o(.text)
    PMW0_FAULT_Handler                       0x000002bb   Thumb Code     2  startup_tm4c123.o(.text)
    PWM0_0_Handler                           0x000002bd   Thumb Code     2  startup_tm4c123.o(.text)
    PWM0_1_Handler                           0x000002bf   Thumb Code     2  startup_tm4c123.o(.text)
    PWM0_2_Handler                           0x000002c1   Thumb Code     2  startup_tm4c123.o(.text)
    QEI0_Handler                             0x000002c3   Thumb Code     2  startup_tm4c123.o(.text)
    ADC0SS0_Handler                          0x000002c5   Thumb Code     2  startup_tm4c123.o(.text)
    ADC0SS1_Handler                          0x000002c7   Thumb Code     2  startup_tm4c123.o(.text)
    ADC0SS2_Handler                          0x000002c9   Thumb Code     2  startup_tm4c123.o(.text)
    ADC0SS3_Handler                          0x000002cb   Thumb Code     2  startup_tm4c123.o(.text)
    WDT0_Handler                             0x000002cd   Thumb Code     2  startup_tm4c123.o(.text)
    TIMER0A_Handler                          0x000002cf   Thumb Code     2  startup_tm4c123.o(.text)
    TIMER0B_Handler                          0x000002d1   Thumb Code     2  startup_tm4c123.o(.text)
    TIMER1A_Handler                          0x000002d3   Thumb Code     2  startup_tm4c123.o(.text)
    TIMER1B_Handler                          0x000002d5   Thumb Code     2  startup_tm4c123.o(.text)
    TIMER2A_Handler                          0x000002d7   Thumb Code     2  startup_tm4c123.o(.text)
    TIMER2B_Handler                          0x000002d9   Thumb Code     2  startup_tm4c123.o(.text)
    COMP0_Handler                            0x000002db   Thumb Code     2  startup_tm4c123.o(.text)
    COMP1_Handler                            0x000002dd   Thumb Code     2  startup_tm4c123.o(.text)
    COMP2_Handler                            0x000002df   Thumb Code     2  startup_tm4c123.o(.text)
    SYSCTL_Handler                           0x000002e1   Thumb Code     2  startup_tm4c123.o(.text)
    FLASH_Handler                            0x000002e3   Thumb Code     2  startup_tm4c123.o(.text)
    GPIOF_Handler                            0x000002e5   Thumb Code     2  startup_tm4c123.o(.text)
    GPIOG_Handler                            0x000002e7   Thumb Code     2  startup_tm4c123.o(.text)
    GPIOH_Handler                            0x000002e9   Thumb Code     2  startup_tm4c123.o(.text)
    UART2_Handler                            0x000002eb   Thumb Code     2  startup_tm4c123.o(.text)
    SSI1_Handler                             0x000002ed   Thumb Code     2  startup_tm4c123.o(.text)
    TIMER3A_Handler                          0x000002ef   Thumb Code     2  startup_tm4c123.o(.text)
    TIMER3B_Handler                          0x000002f1   Thumb Code     2  startup_tm4c123.o(.text)
    I2C1_Handler                             0x000002f3   Thumb Code     2  startup_tm4c123.o(.text)
    QEI1_Handler                             0x000002f5   Thumb Code     2  startup_tm4c123.o(.text)
    CAN0_Handler                             0x000002f7   Thumb Code     2  startup_tm4c123.o(.text)
    CAN1_Handler                             0x000002f9   Thumb Code     2  startup_tm4c123.o(.text)
    CAN2_Handler                             0x000002fb   Thumb Code     2  startup_tm4c123.o(.text)
    HIB_Handler                              0x000002fd   Thumb Code     2  startup_tm4c123.o(.text)
    USB0_Handler                             0x000002ff   Thumb Code     2  startup_tm4c123.o(.text)
    PWM0_3_Handler                           0x00000301   Thumb Code     2  startup_tm4c123.o(.text)
    UDMA_Handler                             0x00000303   Thumb Code     2  startup_tm4c123.o(.text)
    UDMAERR_Handler                          0x00000305   Thumb Code     2  startup_tm4c123.o(.text)
    ADC1SS0_Handler                          0x00000307   Thumb Code     2  startup_tm4c123.o(.text)
    ADC1SS1_Handler                          0x00000309   Thumb Code     2  startup_tm4c123.o(.text)
    ADC1SS2_Handler                          0x0000030b   Thumb Code     2  startup_tm4c123.o(.text)
    ADC1SS3_Handler                          0x0000030d   Thumb Code     2  startup_tm4c123.o(.text)
    GPIOJ_Handler                            0x0000030f   Thumb Code     2  startup_tm4c123.o(.text)
    GPIOK_Handler                            0x00000311   Thumb Code     2  startup_tm4c123.o(.text)
    GPIOL_Handler                            0x00000313   Thumb Code     2  startup_tm4c123.o(.text)
    SSI2_Handler                             0x00000315   Thumb Code     2  startup_tm4c123.o(.text)
    SSI3_Handler                             0x00000317   Thumb Code     2  startup_tm4c123.o(.text)
    UART3_Handler                            0x00000319   Thumb Code     2  startup_tm4c123.o(.text)
    UART4_Handler                            0x0000031b   Thumb Code     2  startup_tm4c123.o(.text)
    UART5_Handler                            0x0000031d   Thumb Code     2  startup_tm4c123.o(.text)
    UART6_Handler                            0x0000031f   Thumb Code     2  startup_tm4c123.o(.text)
    UART7_Handler                            0x00000321   Thumb Code     2  startup_tm4c123.o(.text)
    I2C2_Handler                             0x00000323   Thumb Code     2  startup_tm4c123.o(.text)
    I2C3_Handler                             0x00000325   Thumb Code     2  startup_tm4c123.o(.text)
    TIMER4A_Handler                          0x00000327   Thumb Code     2  startup_tm4c123.o(.text)
    TIMER4B_Handler                          0x00000329   Thumb Code     2  startup_tm4c123.o(.text)
    TIMER5A_Handler                          0x0000032b   Thumb Code     2  startup_tm4c123.o(.text)
    TIMER5B_Handler                          0x0000032d   Thumb Code     2  startup_tm4c123.o(.text)
    WTIMER0A_Handler                         0x0000032f   Thumb Code     2  startup_tm4c123.o(.text)
    WTIMER0B_Handler                         0x00000331   Thumb Code     2  startup_tm4c123.o(.text)
    WTIMER1A_Handler                         0x00000333   Thumb Code     2  startup_tm4c123.o(.text)
    WTIMER1B_Handler                         0x00000335   Thumb Code     2  startup_tm4c123.o(.text)
    WTIMER2A_Handler                         0x00000337   Thumb Code     2  startup_tm4c123.o(.text)
    WTIMER2B_Handler                         0x00000339   Thumb Code     2  startup_tm4c123.o(.text)
    WTIMER3A_Handler                         0x0000033b   Thumb Code     2  startup_tm4c123.o(.text)
    WTIMER3B_Handler                         0x0000033d   Thumb Code     2  startup_tm4c123.o(.text)
    WTIMER4A_Handler                         0x0000033f   Thumb Code     2  startup_tm4c123.o(.text)
    WTIMER4B_Handler                         0x00000341   Thumb Code     2  startup_tm4c123.o(.text)
    WTIMER5A_Handler                         0x00000343   Thumb Code     2  startup_tm4c123.o(.text)
    WTIMER5B_Handler                         0x00000345   Thumb Code     2  startup_tm4c123.o(.text)
    FPU_Handler                              0x00000347   Thumb Code     2  startup_tm4c123.o(.text)
    I2C4_Handler                             0x00000349   Thumb Code     2  startup_tm4c123.o(.text)
    I2C5_Handler                             0x0000034b   Thumb Code     2  startup_tm4c123.o(.text)
    GPIOM_Handler                            0x0000034d   Thumb Code     2  startup_tm4c123.o(.text)
    GPION_Handler                            0x0000034f   Thumb Code     2  startup_tm4c123.o(.text)
    QEI2_Handler                             0x00000351   Thumb Code     2  startup_tm4c123.o(.text)
    GPIOP0_Handler                           0x00000353   Thumb Code     2  startup_tm4c123.o(.text)
    GPIOP1_Handler                           0x00000355   Thumb Code     2  startup_tm4c123.o(.text)
    GPIOP2_Handler                           0x00000357   Thumb Code     2  startup_tm4c123.o(.text)
    GPIOP3_Handler                           0x00000359   Thumb Code     2  startup_tm4c123.o(.text)
    GPIOP4_Handler                           0x0000035b   Thumb Code     2  startup_tm4c123.o(.text)
    GPIOP5_Handler                           0x0000035d   Thumb Code     2  startup_tm4c123.o(.text)
    GPIOP6_Handler                           0x0000035f   Thumb Code     2  startup_tm4c123.o(.text)
    GPIOP7_Handler                           0x00000361   Thumb Code     2  startup_tm4c123.o(.text)
    GPIOQ0_Handler                           0x00000363   Thumb Code     2  startup_tm4c123.o(.text)
    GPIOQ1_Handler                           0x00000365   Thumb Code     2  startup_tm4c123.o(.text)
    GPIOQ2_Handler                           0x00000367   Thumb Code     2  startup_tm4c123.o(.text)
    GPIOQ3_Handler                           0x00000369   Thumb Code     2  startup_tm4c123.o(.text)
    GPIOQ4_Handler                           0x0000036b   Thumb Code     2  startup_tm4c123.o(.text)
    GPIOQ5_Handler                           0x0000036d   Thumb Code     2  startup_tm4c123.o(.text)
    GPIOQ6_Handler                           0x0000036f   Thumb Code     2  startup_tm4c123.o(.text)
    GPIOQ7_Handler                           0x00000371   Thumb Code     2  startup_tm4c123.o(.text)
    GPIOR_Handler                            0x00000373   Thumb Code     2  startup_tm4c123.o(.text)
    GPIOS_Handler                            0x00000375   Thumb Code     2  startup_tm4c123.o(.text)
    PMW1_0_Handler                           0x00000377   Thumb Code     2  startup_tm4c123.o(.text)
    PWM1_1_Handler                           0x00000379   Thumb Code     2  startup_tm4c123.o(.text)
    PWM1_2_Handler                           0x0000037b   Thumb Code     2  startup_tm4c123.o(.text)
    PWM1_3_Handler                           0x0000037d   Thumb Code     2  startup_tm4c123.o(.text)
    PWM1_FAULT_Handler                       0x0000037f   Thumb Code     2  startup_tm4c123.o(.text)
    __aeabi_memcpy                           0x00000389   Thumb Code    36  memcpya.o(.text)
    __aeabi_memcpy4                          0x00000389   Thumb Code     0  memcpya.o(.text)
    __aeabi_memcpy8                          0x00000389   Thumb Code     0  memcpya.o(.text)
    strncpy                                  0x000003ad   Thumb Code    24  strncpy.o(.text)
    strchr                                   0x000003c5   Thumb Code    20  strchr.o(.text)
    strcpy                                   0x000003d9   Thumb Code    18  strcpy.o(.text)
    __aeabi_dadd                             0x000003eb   Thumb Code   322  dadd.o(.text)
    __aeabi_dsub                             0x0000052d   Thumb Code     6  dadd.o(.text)
    __aeabi_drsub                            0x00000533   Thumb Code     6  dadd.o(.text)
    __aeabi_dmul                             0x00000539   Thumb Code   228  dmul.o(.text)
    __aeabi_ddiv                             0x0000061d   Thumb Code   222  ddiv.o(.text)
    __aeabi_ui2d                             0x000006fb   Thumb Code    26  dfltui.o(.text)
    __aeabi_f2d                              0x00000715   Thumb Code    38  f2d.o(.text)
    __aeabi_d2f                              0x0000073b   Thumb Code    56  d2f.o(.text)
    __aeabi_llsl                             0x00000773   Thumb Code    30  llshl.o(.text)
    _ll_shift_l                              0x00000773   Thumb Code     0  llshl.o(.text)
    __aeabi_lasr                             0x00000791   Thumb Code    36  llsshr.o(.text)
    _ll_sshift_r                             0x00000791   Thumb Code     0  llsshr.o(.text)
    __I$use$fp                               0x000007b5   Thumb Code     0  iusefp.o(.text)
    _float_round                             0x000007b5   Thumb Code    18  fepilogue.o(.text)
    _float_epilogue                          0x000007c7   Thumb Code    90  fepilogue.o(.text)
    _double_round                            0x00000821   Thumb Code    26  depilogue.o(.text)
    _double_epilogue                         0x0000083b   Thumb Code   164  depilogue.o(.text)
    _dsqrt                                   0x000008df   Thumb Code   162  dsqrt.o(.text)
    __scatterload                            0x00000981   Thumb Code    28  init.o(.text)
    __scatterload_rt2                        0x00000981   Thumb Code     0  init.o(.text)
    __aeabi_llsr                             0x000009a5   Thumb Code    32  llushr.o(.text)
    _ll_ushift_r                             0x000009a5   Thumb Code     0  llushr.o(.text)
    __aeabi_i2d                              0x000009c5   Thumb Code    34  dflti.o(.text)
    __aeabi_d2iz                             0x000009e7   Thumb Code    62  dfixi.o(.text)
    GPS_CalculateDistance                    0x00000a25   Thumb Code   670  yu.o(i.GPS_CalculateDistance)
    GPS_ConvertToDecimalDegrees              0x00000cd5   Thumb Code   154  yu.o(i.GPS_ConvertToDecimalDegrees)
    GPS_DegreesToRadians                     0x00000d7d   Thumb Code    76  yu.o(i.GPS_DegreesToRadians)
    GPS_IsInRange                            0x00000dd1   Thumb Code    72  yu.o(i.GPS_IsInRange)
    IsUartDataAvailable                      0x00000e19   Thumb Code    18  yu.o(i.IsUartDataAvailable)
    LCD_Busy                                 0x00000e31   Thumb Code   120  lcd_-2.o(i.LCD_Busy)
    LCD_GPIO_Init                            0x00000eb5   Thumb Code    82  lcd_-2.o(i.LCD_GPIO_Init)
    LCD_command                              0x00000f19   Thumb Code    52  lcd_-2.o(i.LCD_command)
    LCD_data                                 0x00000f55   Thumb Code    66  lcd_-2.o(i.LCD_data)
    LCD_init                                 0x00000fd9   Thumb Code   108  lcd_-2.o(i.LCD_init)
    LCD_send_4bits                           0x00001045   Thumb Code    46  lcd_-2.o(i.LCD_send_4bits)
    RequiredSentence                         0x0000107d   Thumb Code    46  yu.o(i.RequiredSentence)
    SysTick_Init                             0x000010ab   Thumb Code    24  systick-1.o(i.SysTick_Init)
    UART0_Init                               0x000010c5   Thumb Code   132  yu.o(i.UART0_Init)
    UART0_SendChar                           0x0000115d   Thumb Code    18  yu.o(i.UART0_SendChar)
    UART0_SendString                         0x00001175   Thumb Code    22  yu.o(i.UART0_SendString)
    UART1_Handler                            0x0000118d   Thumb Code   110  yu.o(i.UART1_Handler)
    UART1_Init                               0x0000120d   Thumb Code   162  yu.o(i.UART1_Init)
    UART1_ReadChar                           0x000012c9   Thumb Code    20  yu.o(i.UART1_ReadChar)
    __ARM_fpclassify                         0x000012e1   Thumb Code    48  fpclassify.o(i.__ARM_fpclassify)
    __hardfp_atan                            0x00001311   Thumb Code   636  atan.o(i.__hardfp_atan)
    __hardfp_atan2                           0x000015f9   Thumb Code   416  atan2.o(i.__hardfp_atan2)
    __hardfp_cos                             0x000017d9   Thumb Code   200  cos.o(i.__hardfp_cos)
    __hardfp_sin                             0x000018b1   Thumb Code   200  sin.o(i.__hardfp_sin)
    __hardfp_sqrt                            0x00001989   Thumb Code   122  sqrt.o(i.__hardfp_sqrt)
    __ieee754_rem_pio2                       0x00001a09   Thumb Code   972  rred.o(i.__ieee754_rem_pio2)
    __kernel_cos                             0x00001e61   Thumb Code   322  cos_i.o(i.__kernel_cos)
    __kernel_poly                            0x00001fd1   Thumb Code   248  poly.o(i.__kernel_poly)
    __kernel_sin                             0x000020c9   Thumb Code   280  sin_i.o(i.__kernel_sin)
    __mathlib_dbl_underflow                  0x000021f9   Thumb Code    24  dunder.o(i.__mathlib_dbl_underflow)
    __scatterload_copy                       0x00002219   Thumb Code    14  handlers.o(i.__scatterload_copy)
    __scatterload_null                       0x00002227   Thumb Code     2  handlers.o(i.__scatterload_null)
    __scatterload_zeroinit                   0x00002229   Thumb Code    14  handlers.o(i.__scatterload_zeroinit)
    __set_errno                              0x00002239   Thumb Code     6  errno.o(i.__set_errno)
    atan                                     0x00002245   Thumb Code    16  atan.o(i.atan)
    delayMs                                  0x00002255   Thumb Code    26  systick-1.o(i.delayMs)
    delayUs                                  0x0000226f   Thumb Code    30  systick-1.o(i.delayUs)
    fabs                                     0x0000228d   Thumb Code    32  fabs.o(i.fabs)
    gpsDataParser                            0x000022ad   Thumb Code   260  yu.o(i.gpsDataParser)
    main                                     0x000023b1   Thumb Code   326  yu.o(i.main)
    simple_atof                              0x0000256d   Thumb Code   180  yu.o(i.simple_atof)
    __mathlib_zero                           0x00002788   Data           8  qnan.o(.constdata)
    Region$$Table$$Base                      0x00002880   Number         0  anon$$obj.o(Region$$Table)
    Region$$Table$$Limit                     0x000028a0   Number         0  anon$$obj.o(Region$$Table)
    SCB_CPACR_REG                            0x20000000   Data           4  yu.o(.data)
    __initial_sp                             0x200008f0   Data           0  startup_tm4c123.o(STACK)



==============================================================================

Memory Map of the image

  Image Entry point : 0x00000281

  Load Region LR_1 (Base: 0x00000000, Size: 0x000028b4, Max: 0xffffffff, ABSOLUTE)

    Execution Region ER_RO (Base: 0x00000000, Size: 0x000028a0, Max: 0xffffffff, ABSOLUTE)

    Base Addr    Size         Type   Attr      Idx    E Section Name        Object

    0x00000000   0x0000026c   Data   RO            3    RESET               startup_tm4c123.o
    0x0000026c   0x00000000   Code   RO          388  * .ARM.Collect$$$$00000000  mc_w.l(entry.o)
    0x0000026c   0x00000004   Code   RO          709    .ARM.Collect$$$$00000001  mc_w.l(entry2.o)
    0x00000270   0x00000004   Code   RO          712    .ARM.Collect$$$$00000004  mc_w.l(entry5.o)
    0x00000274   0x00000000   Code   RO          714    .ARM.Collect$$$$00000008  mc_w.l(entry7b.o)
    0x00000274   0x00000000   Code   RO          716    .ARM.Collect$$$$0000000A  mc_w.l(entry8b.o)
    0x00000274   0x00000008   Code   RO          717    .ARM.Collect$$$$0000000B  mc_w.l(entry9a.o)
    0x0000027c   0x00000000   Code   RO          719    .ARM.Collect$$$$0000000D  mc_w.l(entry10a.o)
    0x0000027c   0x00000000   Code   RO          721    .ARM.Collect$$$$0000000F  mc_w.l(entry11a.o)
    0x0000027c   0x00000004   Code   RO          710    .ARM.Collect$$$$00002712  mc_w.l(entry2.o)
    0x00000280   0x00000108   Code   RO            4  * .text               startup_tm4c123.o
    0x00000388   0x00000024   Code   RO          391    .text               mc_w.l(memcpya.o)
    0x000003ac   0x00000018   Code   RO          393    .text               mc_w.l(strncpy.o)
    0x000003c4   0x00000014   Code   RO          395    .text               mc_w.l(strchr.o)
    0x000003d8   0x00000012   Code   RO          397    .text               mc_w.l(strcpy.o)
    0x000003ea   0x0000014e   Code   RO          662    .text               mf_w.l(dadd.o)
    0x00000538   0x000000e4   Code   RO          664    .text               mf_w.l(dmul.o)
    0x0000061c   0x000000de   Code   RO          666    .text               mf_w.l(ddiv.o)
    0x000006fa   0x0000001a   Code   RO          668    .text               mf_w.l(dfltui.o)
    0x00000714   0x00000026   Code   RO          670    .text               mf_w.l(f2d.o)
    0x0000073a   0x00000038   Code   RO          672    .text               mf_w.l(d2f.o)
    0x00000772   0x0000001e   Code   RO          730    .text               mc_w.l(llshl.o)
    0x00000790   0x00000024   Code   RO          732    .text               mc_w.l(llsshr.o)
    0x000007b4   0x00000000   Code   RO          741    .text               mc_w.l(iusefp.o)
    0x000007b4   0x0000006c   Code   RO          742    .text               mf_w.l(fepilogue.o)
    0x00000820   0x000000be   Code   RO          744    .text               mf_w.l(depilogue.o)
    0x000008de   0x000000a2   Code   RO          748    .text               mf_w.l(dsqrt.o)
    0x00000980   0x00000024   Code   RO          762    .text               mc_w.l(init.o)
    0x000009a4   0x00000020   Code   RO          765    .text               mc_w.l(llushr.o)
    0x000009c4   0x00000022   Code   RO          768    .text               mf_w.l(dflti.o)
    0x000009e6   0x0000003e   Code   RO          770    .text               mf_w.l(dfixi.o)
    0x00000a24   0x000002b0   Code   RO           10    i.GPS_CalculateDistance  yu.o
    0x00000cd4   0x000000a8   Code   RO           11    i.GPS_ConvertToDecimalDegrees  yu.o
    0x00000d7c   0x00000054   Code   RO           12    i.GPS_DegreesToRadians  yu.o
    0x00000dd0   0x00000048   Code   RO           13    i.GPS_IsInRange     yu.o
    0x00000e18   0x00000018   Code   RO           14    i.IsUartDataAvailable  yu.o
    0x00000e30   0x00000084   Code   RO          281    i.LCD_Busy          lcd_-2.o
    0x00000eb4   0x00000064   Code   RO          282    i.LCD_GPIO_Init     lcd_-2.o
    0x00000f18   0x0000003c   Code   RO          284    i.LCD_command       lcd_-2.o
    0x00000f54   0x0000004c   Code   RO          285    i.LCD_data          lcd_-2.o
    0x00000fa0   0x00000038   Code   RO          286    i.LCD_enable        lcd_-2.o
    0x00000fd8   0x0000006c   Code   RO          287    i.LCD_init          lcd_-2.o
    0x00001044   0x00000038   Code   RO          289    i.LCD_send_4bits    lcd_-2.o
    0x0000107c   0x0000002e   Code   RO           15    i.RequiredSentence  yu.o
    0x000010aa   0x00000018   Code   RO          257    i.SysTick_Init      systick-1.o
    0x000010c2   0x00000002   PAD
    0x000010c4   0x00000098   Code   RO           16    i.UART0_Init        yu.o
    0x0000115c   0x00000018   Code   RO           17    i.UART0_SendChar    yu.o
    0x00001174   0x00000016   Code   RO           19    i.UART0_SendString  yu.o
    0x0000118a   0x00000002   PAD
    0x0000118c   0x00000080   Code   RO           20    i.UART1_Handler     yu.o
    0x0000120c   0x000000bc   Code   RO           21    i.UART1_Init        yu.o
    0x000012c8   0x00000018   Code   RO           22    i.UART1_ReadChar    yu.o
    0x000012e0   0x00000030   Code   RO          758    i.__ARM_fpclassify  m_wm.l(fpclassify.o)
    0x00001310   0x000002e8   Code   RO          674    i.__hardfp_atan     m_wm.l(atan.o)
    0x000015f8   0x000001e0   Code   RO          340    i.__hardfp_atan2    m_wm.l(atan2.o)
    0x000017d8   0x000000d8   Code   RO          352    i.__hardfp_cos      m_wm.l(cos.o)
    0x000018b0   0x000000d8   Code   RO          364    i.__hardfp_sin      m_wm.l(sin.o)
    0x00001988   0x0000007a   Code   RO          376    i.__hardfp_sqrt     m_wm.l(sqrt.o)
    0x00001a02   0x00000006   PAD
    0x00001a08   0x00000458   Code   RO          698    i.__ieee754_rem_pio2  m_wm.l(rred.o)
    0x00001e60   0x00000170   Code   RO          688    i.__kernel_cos      m_wm.l(cos_i.o)
    0x00001fd0   0x000000f8   Code   RO          760    i.__kernel_poly     m_wm.l(poly.o)
    0x000020c8   0x00000130   Code   RO          703    i.__kernel_sin      m_wm.l(sin_i.o)
    0x000021f8   0x00000020   Code   RO          756    i.__mathlib_dbl_underflow  m_wm.l(dunder.o)
    0x00002218   0x0000000e   Code   RO          774    i.__scatterload_copy  mc_w.l(handlers.o)
    0x00002226   0x00000002   Code   RO          775    i.__scatterload_null  mc_w.l(handlers.o)
    0x00002228   0x0000000e   Code   RO          776    i.__scatterload_zeroinit  mc_w.l(handlers.o)
    0x00002236   0x00000002   PAD
    0x00002238   0x0000000c   Code   RO          736    i.__set_errno       mc_w.l(errno.o)
    0x00002244   0x00000010   Code   RO          676    i.atan              m_wm.l(atan.o)
    0x00002254   0x0000001a   Code   RO          258    i.delayMs           systick-1.o
    0x0000226e   0x0000001e   Code   RO          259    i.delayUs           systick-1.o
    0x0000228c   0x00000020   Code   RO          693    i.fabs              m_wm.l(fabs.o)
    0x000022ac   0x00000104   Code   RO           24    i.gpsDataParser     yu.o
    0x000023b0   0x000001bc   Code   RO           25    i.main              yu.o
    0x0000256c   0x000000c4   Code   RO           26    i.simple_atof       yu.o
    0x00002630   0x0000008c   Data   RO           28    .constdata          yu.o
    0x000026bc   0x00000004   PAD
    0x000026c0   0x00000098   Data   RO          677    .constdata          m_wm.l(atan.o)
    0x00002758   0x00000030   Data   RO          689    .constdata          m_wm.l(cos_i.o)
    0x00002788   0x00000008   Data   RO          697    .constdata          m_wm.l(qnan.o)
    0x00002790   0x000000c8   Data   RO          700    .constdata          m_wm.l(rred.o)
    0x00002858   0x00000028   Data   RO          704    .constdata          m_wm.l(sin_i.o)
    0x00002880   0x00000020   Data   RO          772    Region$$Table       anon$$obj.o


    Execution Region ER_RW (Base: 0x20000000, Size: 0x00000014, Max: 0xffffffff, ABSOLUTE)

    Base Addr    Size         Type   Attr      Idx    E Section Name        Object

    0x20000000   0x00000010   Data   RW           29    .data               yu.o
    0x20000010   0x00000004   Data   RW          737    .data               mc_w.l(errno.o)


    Execution Region ER_ZI (Base: 0x20000014, Size: 0x000008dc, Max: 0xffffffff, ABSOLUTE)

    Base Addr    Size         Type   Attr      Idx    E Section Name        Object

    0x20000014   0x000000dc   Zero   RW           27    .bss                yu.o
    0x200000f0   0x00000800   Zero   RW            1    STACK               startup_tm4c123.o


==============================================================================

Image component sizes


      Code (inc. data)   RO Data    RW Data    ZI Data      Debug   Object Name

       588         66          0          0          0       3532   lcd_-2.o
       264          8        620          0       2048       5368   startup_tm4c123.o
        80          0          0          0          0       1431   systick-1.o
      2520        254        140         16        220      15790   yu.o

    ----------------------------------------------------------------------
      3456        328        796         16       2268      26121   Object Totals
         0          0         32          0          0          0   (incl. Generated)
         4          0          4          0          0          0   (incl. Padding)

    ----------------------------------------------------------------------

      Code (inc. data)   RO Data    RW Data    ZI Data      Debug   Library Member Name

       760        108        152          0          0        344   atan.o
       480         64          0          0          0        156   atan2.o
       216         16          0          0          0        152   cos.o
       368         46         48          0          0        200   cos_i.o
        32          8          0          0          0        124   dunder.o
        32          0          0          0          0        124   fabs.o
        48          0          0          0          0        124   fpclassify.o
       248          0          0          0          0        152   poly.o
         0          0          8          0          0          0   qnan.o
      1112        140        200          0          0        188   rred.o
       216         16          0          0          0        152   sin.o
       304         24         40          0          0        208   sin_i.o
       122          0          0          0          0        148   sqrt.o
         0          0          0          0          0          0   entry.o
         0          0          0          0          0          0   entry10a.o
         0          0          0          0          0          0   entry11a.o
         8          4          0          0          0          0   entry2.o
         4          0          0          0          0          0   entry5.o
         0          0          0          0          0          0   entry7b.o
         0          0          0          0          0          0   entry8b.o
         8          4          0          0          0          0   entry9a.o
        12          6          0          4          0         68   errno.o
        30          0          0          0          0          0   handlers.o
        36          8          0          0          0         68   init.o
         0          0          0          0          0          0   iusefp.o
        30          0          0          0          0         68   llshl.o
        36          0          0          0          0         68   llsshr.o
        32          0          0          0          0         68   llushr.o
        36          0          0          0          0         68   memcpya.o
        20          0          0          0          0         68   strchr.o
        18          0          0          0          0         68   strcpy.o
        24          0          0          0          0         76   strncpy.o
        56          0          0          0          0         88   d2f.o
       334          0          0          0          0        148   dadd.o
       222          0          0          0          0        100   ddiv.o
       190          0          0          0          0        176   depilogue.o
        62          0          0          0          0         80   dfixi.o
        34          0          0          0          0         76   dflti.o
        26          0          0          0          0         76   dfltui.o
       228          0          0          0          0         96   dmul.o
       162          0          0          0          0        100   dsqrt.o
        38          0          0          0          0         68   f2d.o
       108          0          0          0          0        168   fepilogue.o

    ----------------------------------------------------------------------
      5700        444        448          4          0       3868   Library Totals
         8          0          0          0          0          0   (incl. Padding)

    ----------------------------------------------------------------------

      Code (inc. data)   RO Data    RW Data    ZI Data      Debug   Library Name

      3938        422        448          0          0       2072   m_wm.l
       294         22          0          4          0        620   mc_w.l
      1460          0          0          0          0       1176   mf_w.l

    ----------------------------------------------------------------------
      5700        444        448          4          0       3868   Library Totals

    ----------------------------------------------------------------------

==============================================================================


      Code (inc. data)   RO Data    RW Data    ZI Data      Debug   

      9156        772       1244         20       2268      25805   Grand Totals
      9156        772       1244         20       2268      25805   ELF Image Totals
      9156        772       1244         20          0          0   ROM Totals

==============================================================================

    Total RO  Size (Code + RO Data)                10400 (  10.16kB)
    Total RW  Size (RW Data + ZI Data)              2288 (   2.23kB)
    Total ROM Size (Code + RO Data + RW Data)      10420 (  10.18kB)

==============================================================================

